Archive member included to satisfy reference by file (symbol)

c:/ac6/systemworkbench/plugins/fr.ac6.mcu.externaltools.arm-none.win32_1.17.0.201812190825/tools/compiler/bin/../lib/gcc/arm-none-eabi/7.3.1/../../../../arm-none-eabi/lib/thumb/v7e-m/fpv4-sp/hard\libc_nano.a(lib_a-exit.o)
                              c:/ac6/systemworkbench/plugins/fr.ac6.mcu.externaltools.arm-none.win32_1.17.0.201812190825/tools/compiler/bin/../lib/gcc/arm-none-eabi/7.3.1/../../../../arm-none-eabi/lib/thumb/v7e-m/fpv4-sp/hard/crt0.o (exit)
c:/ac6/systemworkbench/plugins/fr.ac6.mcu.externaltools.arm-none.win32_1.17.0.201812190825/tools/compiler/bin/../lib/gcc/arm-none-eabi/7.3.1/../../../../arm-none-eabi/lib/thumb/v7e-m/fpv4-sp/hard\libc_nano.a(lib_a-impure.o)
                              c:/ac6/systemworkbench/plugins/fr.ac6.mcu.externaltools.arm-none.win32_1.17.0.201812190825/tools/compiler/bin/../lib/gcc/arm-none-eabi/7.3.1/../../../../arm-none-eabi/lib/thumb/v7e-m/fpv4-sp/hard\libc_nano.a(lib_a-exit.o) (_global_impure_ptr)
c:/ac6/systemworkbench/plugins/fr.ac6.mcu.externaltools.arm-none.win32_1.17.0.201812190825/tools/compiler/bin/../lib/gcc/arm-none-eabi/7.3.1/../../../../arm-none-eabi/lib/thumb/v7e-m/fpv4-sp/hard\libc_nano.a(lib_a-init.o)
                              c:/ac6/systemworkbench/plugins/fr.ac6.mcu.externaltools.arm-none.win32_1.17.0.201812190825/tools/compiler/bin/../lib/gcc/arm-none-eabi/7.3.1/../../../../arm-none-eabi/lib/thumb/v7e-m/fpv4-sp/hard/crt0.o (__libc_init_array)
c:/ac6/systemworkbench/plugins/fr.ac6.mcu.externaltools.arm-none.win32_1.17.0.201812190825/tools/compiler/bin/../lib/gcc/arm-none-eabi/7.3.1/../../../../arm-none-eabi/lib/thumb/v7e-m/fpv4-sp/hard\libc_nano.a(lib_a-memcmp.o)
                              drivers/ui/oscillator/ui_si570.o (memcmp)
c:/ac6/systemworkbench/plugins/fr.ac6.mcu.externaltools.arm-none.win32_1.17.0.201812190825/tools/compiler/bin/../lib/gcc/arm-none-eabi/7.3.1/../../../../arm-none-eabi/lib/thumb/v7e-m/fpv4-sp/hard\libc_nano.a(lib_a-memset.o)
                              c:/ac6/systemworkbench/plugins/fr.ac6.mcu.externaltools.arm-none.win32_1.17.0.201812190825/tools/compiler/bin/../lib/gcc/arm-none-eabi/7.3.1/../../../../arm-none-eabi/lib/thumb/v7e-m/fpv4-sp/hard/crt0.o (memset)
c:/ac6/systemworkbench/plugins/fr.ac6.mcu.externaltools.arm-none.win32_1.17.0.201812190825/tools/compiler/bin/../lib/gcc/arm-none-eabi/7.3.1/../../../../arm-none-eabi/lib/thumb/v7e-m/fpv4-sp/hard\libc_nano.a(lib_a-strlen.o)
                              drivers/ui/ui_driver.o (strlen)
C:\Projects\mcHFx\firmware\mchf_dsp\libs\libm.a(lib_a-s_cos.o)
                              drivers/audio/audio_driver.o (cos)
C:\Projects\mcHFx\firmware\mchf_dsp\libs\libm.a(lib_a-s_pow10.o)
                              drivers/ui/ui_driver.o (pow10)
C:\Projects\mcHFx\firmware\mchf_dsp\libs\libm.a(lib_a-s_sin.o)
                              drivers/audio/audio_driver.o (sin)
C:\Projects\mcHFx\firmware\mchf_dsp\libs\libm.a(lib_a-sf_ceil.o)
                              drivers/ui/oscillator/ui_si570.o (ceilf)
C:\Projects\mcHFx\firmware\mchf_dsp\libs\libm.a(lib_a-sf_floor.o)
                              drivers/ui/oscillator/ui_si570.o (floorf)
C:\Projects\mcHFx\firmware\mchf_dsp\libs\libm.a(lib_a-sf_round.o)
                              drivers/ui/lcd/ui_lcd_hy28.o (roundf)
C:\Projects\mcHFx\firmware\mchf_dsp\libs\libm.a(lib_a-sf_trunc.o)
                              drivers/ui/ui_driver.o (truncf)
C:\Projects\mcHFx\firmware\mchf_dsp\libs\libm.a(lib_a-w_log10.o)
                              drivers/ui/ui_driver.o (log10)
C:\Projects\mcHFx\firmware\mchf_dsp\libs\libm.a(lib_a-w_pow.o)
                              drivers/ui/ui_driver.o (pow)
C:\Projects\mcHFx\firmware\mchf_dsp\libs\libm.a(lib_a-w_sqrt.o)
                              drivers/ui/ui_driver.o (sqrt)
C:\Projects\mcHFx\firmware\mchf_dsp\libs\libm.a(lib_a-wf_log10.o)
                              drivers/audio/audio_driver.o (log10f)
C:\Projects\mcHFx\firmware\mchf_dsp\libs\libm.a(lib_a-wf_pow.o)
                              drivers/audio/audio_driver.o (powf)
C:\Projects\mcHFx\firmware\mchf_dsp\libs\libm.a(lib_a-wf_sqrt.o)
                              drivers/audio/audio_driver.o (sqrtf)
C:\Projects\mcHFx\firmware\mchf_dsp\libs\libm.a(lib_a-e_log10.o)
                              C:\Projects\mcHFx\firmware\mchf_dsp\libs\libm.a(lib_a-w_log10.o) (__ieee754_log10)
C:\Projects\mcHFx\firmware\mchf_dsp\libs\libm.a(lib_a-e_pow.o)
                              C:\Projects\mcHFx\firmware\mchf_dsp\libs\libm.a(lib_a-w_pow.o) (__ieee754_pow)
C:\Projects\mcHFx\firmware\mchf_dsp\libs\libm.a(lib_a-e_rem_pio2.o)
                              C:\Projects\mcHFx\firmware\mchf_dsp\libs\libm.a(lib_a-s_cos.o) (__ieee754_rem_pio2)
C:\Projects\mcHFx\firmware\mchf_dsp\libs\libm.a(lib_a-e_sqrt.o)
                              C:\Projects\mcHFx\firmware\mchf_dsp\libs\libm.a(lib_a-w_sqrt.o) (__ieee754_sqrt)
[...]
Memory Configuration

Name             Origin             Length             Attributes
FLASH            0x08010000         0x001f0000         xr
RAM              0x20000000         0x00020000         xrw
CCMRAM           0x10000000         0x00010000         xrw
*default*        0x00000000         0xffffffff

Linker script and memory map

LOAD c:/ac6/systemworkbench/plugins/fr.ac6.mcu.externaltools.arm-none.win32_1.17.0.201812190825/tools/compiler/bin/../lib/gcc/arm-none-eabi/7.3.1/thumb/v7e-m/fpv4-sp/hard/crti.o
LOAD c:/ac6/systemworkbench/plugins/fr.ac6.mcu.externaltools.arm-none.win32_1.17.0.201812190825/tools/compiler/bin/../lib/gcc/arm-none-eabi/7.3.1/thumb/v7e-m/fpv4-sp/hard/crtbegin.o
LOAD c:/ac6/systemworkbench/plugins/fr.ac6.mcu.externaltools.arm-none.win32_1.17.0.201812190825/tools/compiler/bin/../lib/gcc/arm-none-eabi/7.3.1/../../../../arm-none-eabi/lib/thumb/v7e-m/fpv4-sp/hard/crt0.o
LOAD cmsis_boot/system_stm32f4xx.o
LOAD cmsis_lib/source/misc.o
LOAD cmsis_lib/source/stm32f4xx_adc.o
LOAD cmsis_lib/source/stm32f4xx_dac.o
LOAD cmsis_lib/source/stm32f4xx_dma.o
LOAD cmsis_lib/source/stm32f4xx_exti.o
LOAD cmsis_lib/source/stm32f4xx_flash.o
LOAD cmsis_lib/source/stm32f4xx_fsmc.o
LOAD cmsis_lib/source/stm32f4xx_gpio.o
LOAD cmsis_lib/source/stm32f4xx_i2c.o
LOAD cmsis_lib/source/stm32f4xx_pwr.o
LOAD cmsis_lib/source/stm32f4xx_rcc.o
LOAD cmsis_lib/source/stm32f4xx_rtc.o
LOAD cmsis_lib/source/stm32f4xx_spi.o
LOAD cmsis_lib/source/stm32f4xx_syscfg.o
LOAD cmsis_lib/source/stm32f4xx_tim.o
LOAD cmsis_lib/source/stm32f4xx_usart.o
LOAD cmsis_lib/source/stm32f4xx_wwdg.o
LOAD drivers/api/api_dsp.o
LOAD drivers/audio/audio_driver.o
LOAD drivers/audio/codec/codec.o
LOAD drivers/audio/codec/i2s.o
LOAD drivers/audio/cw/cw_gen.o
LOAD drivers/audio/softdds/softdds.o
LOAD drivers/ui/encoder/ui_rotary.o
LOAD drivers/ui/lcd/ui_lcd_hy28.o
LOAD drivers/ui/lcd/ui_lcd_hy28_fonts.o
LOAD drivers/ui/oscillator/osc_si5351a.o
LOAD drivers/ui/oscillator/ui_si570.o
LOAD drivers/ui/ui_driver.o
LOAD drivers/ui/ui_menu.o
LOAD hardware/get_pcb_rev.o
LOAD hardware/mchf_board.o
LOAD hardware/mchf_hw_i2c.o
LOAD hardware/mchf_hw_i2c2.o
LOAD misc/v_eeprom/eeprom.o
LOAD startup/main.o
LOAD startup/startup_stm32f429xx.o
LOAD stdio/printf.o
LOAD c:/ac6/systemworkbench/plugins/fr.ac6.mcu.externaltools.arm-none.win32_1.17.0.201812190825/tools/compiler/bin/../lib/gcc/arm-none-eabi/7.3.1/../../../../arm-none-eabi/lib/thumb/v7e-m/fpv4-sp/hard\libc_nano.a
LOAD c:/ac6/systemworkbench/plugins/fr.ac6.mcu.externaltools.arm-none.win32_1.17.0.201812190825/tools/compiler/bin/../lib/gcc/arm-none-eabi/7.3.1/../../../../arm-none-eabi/lib/thumb/v7e-m/fpv4-sp/hard\libg_nano.a
LOAD C:\Projects\mcHFx\firmware\mchf_dsp\libs\libm.a
LOAD C:\Projects\mcHFx\firmware\mchf_dsp\libs\libarm_cortexM4lf_math.a
LOAD C:\Projects\mcHFx\firmware\mchf_dsp\libs\libm.a
START GROUP
LOAD c:/ac6/systemworkbench/plugins/fr.ac6.mcu.externaltools.arm-none.win32_1.17.0.201812190825/tools/compiler/bin/../lib/gcc/arm-none-eabi/7.3.1/thumb/v7e-m/fpv4-sp/hard\libgcc.a
LOAD c:/ac6/systemworkbench/plugins/fr.ac6.mcu.externaltools.arm-none.win32_1.17.0.201812190825/tools/compiler/bin/../lib/gcc/arm-none-eabi/7.3.1/../../../../arm-none-eabi/lib/thumb/v7e-m/fpv4-sp/hard\libc_nano.a
END GROUP
START GROUP
LOAD c:/ac6/systemworkbench/plugins/fr.ac6.mcu.externaltools.arm-none.win32_1.17.0.201812190825/tools/compiler/bin/../lib/gcc/arm-none-eabi/7.3.1/thumb/v7e-m/fpv4-sp/hard\libgcc.a
LOAD c:/ac6/systemworkbench/plugins/fr.ac6.mcu.externaltools.arm-none.win32_1.17.0.201812190825/tools/compiler/bin/../lib/gcc/arm-none-eabi/7.3.1/../../../../arm-none-eabi/lib/thumb/v7e-m/fpv4-sp/hard\libc_nano.a
LOAD c:/ac6/systemworkbench/plugins/fr.ac6.mcu.externaltools.arm-none.win32_1.17.0.201812190825/tools/compiler/bin/../lib/gcc/arm-none-eabi/7.3.1/../../../../arm-none-eabi/lib/thumb/v7e-m/fpv4-sp/hard\libnosys.a
END GROUP
START GROUP
LOAD c:/ac6/systemworkbench/plugins/fr.ac6.mcu.externaltools.arm-none.win32_1.17.0.201812190825/tools/compiler/bin/../lib/gcc/arm-none-eabi/7.3.1/thumb/v7e-m/fpv4-sp/hard\libgcc.a
LOAD c:/ac6/systemworkbench/plugins/fr.ac6.mcu.externaltools.arm-none.win32_1.17.0.201812190825/tools/compiler/bin/../lib/gcc/arm-none-eabi/7.3.1/../../../../arm-none-eabi/lib/thumb/v7e-m/fpv4-sp/hard\libc_nano.a
LOAD c:/ac6/systemworkbench/plugins/fr.ac6.mcu.externaltools.arm-none.win32_1.17.0.201812190825/tools/compiler/bin/../lib/gcc/arm-none-eabi/7.3.1/../../../../arm-none-eabi/lib/thumb/v7e-m/fpv4-sp/hard\libnosys.a
END GROUP
LOAD c:/ac6/systemworkbench/plugins/fr.ac6.mcu.externaltools.arm-none.win32_1.17.0.201812190825/tools/compiler/bin/../lib/gcc/arm-none-eabi/7.3.1/thumb/v7e-m/fpv4-sp/hard/crtend.o
LOAD c:/ac6/systemworkbench/plugins/fr.ac6.mcu.externaltools.arm-none.win32_1.17.0.201812190825/tools/compiler/bin/../lib/gcc/arm-none-eabi/7.3.1/thumb/v7e-m/fpv4-sp/hard/crtn.o
                0x20020000                _estack = 0x20020000
                0x00000100                _Min_Heap_Size = 0x100
                0x00000400                _Min_Stack_Size = 0x400

.isr_vector     0x08010000      0x1ac
                0x08010000                . = ALIGN (0x4)
 *(.isr_vector)
 .isr_vector    0x08010000      0x1ac startup/startup_stm32f429xx.o
                0x08010000                g_pfnVectors
                0x080101ac                . = ALIGN (0x4)

.text           0x080101b0    0x2925c
                0x080101b0                . = ALIGN (0x4)
 *(.text)
 .text          0x080101b0       0x40 c:/ac6/systemworkbench/plugins/fr.ac6.mcu.externaltools.arm-none.win32_1.17.0.201812190825/tools/compiler/bin/../lib/gcc/arm-none-eabi/7.3.1/thumb/v7e-m/fpv4-sp/hard/crtbegin.o
 .text          0x080101f0       0x10 c:/ac6/systemworkbench/plugins/fr.ac6.mcu.externaltools.arm-none.win32_1.17.0.201812190825/tools/compiler/bin/../lib/gcc/arm-none-eabi/7.3.1/../../../../arm-none-eabi/lib/thumb/v7e-m/fpv4-sp/hard\libc_nano.a(lib_a-strlen.o)
                0x080101f0                strlen
 .text          0x08010200      0x378 c:/ac6/systemworkbench/plugins/fr.ac6.mcu.externaltools.arm-none.win32_1.17.0.201812190825/tools/compiler/bin/../lib/gcc/arm-none-eabi/7.3.1/thumb/v7e-m/fpv4-sp/hard\libgcc.a(_arm_addsubdf3.o)
                0x08010200                __aeabi_drsub
                0x08010208                __aeabi_dsub
                0x08010208                __subdf3
                0x0801020c                __aeabi_dadd
                0x0801020c                __adddf3
                0x08010484                __floatunsidf
                0x08010484                __aeabi_ui2d
                0x080104a4                __floatsidf
                0x080104a4                __aeabi_i2d
                0x080104c8                __aeabi_f2d
                0x080104c8                __extendsfdf2
                0x0801050c                __floatundidf
                0x0801050c                __aeabi_ul2d
                0x0801051c                __floatdidf
                0x0801051c                __aeabi_l2d
 .text          0x08010578      0x424 c:/ac6/systemworkbench/plugins/fr.ac6.mcu.externaltools.arm-none.win32_1.17.0.201812190825/tools/compiler/bin/../lib/gcc/arm-none-eabi/7.3.1/thumb/v7e-m/fpv4-sp/hard\libgcc.a(_arm_muldivdf3.o)
                0x08010578                __aeabi_dmul
                0x08010578                __muldf3
                0x080107cc                __divdf3
                0x080107cc                __aeabi_ddiv
 .text          0x0801099c      0x110 c:/ac6/systemworkbench/plugins/fr.ac6.mcu.externaltools.arm-none.win32_1.17.0.201812190825/tools/compiler/bin/../lib/gcc/arm-none-eabi/7.3.1/thumb/v7e-m/fpv4-sp/hard\libgcc.a(_arm_cmpdf2.o)
                0x0801099c                __gtdf2
                0x0801099c                __gedf2
                0x080109a4                __ltdf2
                0x080109a4                __ledf2
                0x080109ac                __nedf2
                0x080109ac                __eqdf2
                0x080109ac                __cmpdf2
                0x08010a28                __aeabi_cdrcmple
                0x08010a38                __aeabi_cdcmpeq
                0x08010a38                __aeabi_cdcmple
                0x08010a48                __aeabi_dcmpeq
                0x08010a5c                __aeabi_dcmplt
                0x08010a70                __aeabi_dcmple
                0x08010a84                __aeabi_dcmpge
                0x08010a98                __aeabi_dcmpgt
 .text          0x08010aac       0x50 c:/ac6/systemworkbench/plugins/fr.ac6.mcu.externaltools.arm-none.win32_1.17.0.201812190825/tools/compiler/bin/../lib/gcc/arm-none-eabi/7.3.1/thumb/v7e-m/fpv4-sp/hard\libgcc.a(_arm_fixdfsi.o)
                0x08010aac                __aeabi_d2iz
                0x08010aac                __fixdfsi
 .text          0x08010afc       0xa0 c:/ac6/systemworkbench/plugins/fr.ac6.mcu.externaltools.arm-none.win32_1.17.0.201812190825/tools/compiler/bin/../lib/gcc/arm-none-eabi/7.3.1/thumb/v7e-m/fpv4-sp/hard\libgcc.a(_arm_truncdfsf2.o)
                0x08010afc                __truncdfsf2
                0x08010afc                __aeabi_d2f
 *(.text*)
 .text.SystemInit
                0x08010b9c       0x6c cmsis_boot/system_stm32f4xx.o
                0x08010b9c                SystemInit
 .text.SetSysClock
                0x08010c08      0x140 cmsis_boot/system_stm32f4xx.o
 .text.NVIC_Init
                0x08010d48       0xc4 cmsis_lib/source/misc.o
                0x08010d48                NVIC_Init
 .text.SysTick_CLKSourceConfig
                0x08010e0c       0x38 cmsis_lib/source/misc.o
                0x08010e0c                SysTick_CLKSourceConfig
 .text.ADC_Init
                0x08010e44       0xac cmsis_lib/source/stm32f4xx_adc.o
                0x08010e44                ADC_Init
 .text.ADC_StructInit
                0x08010ef0       0x3e cmsis_lib/source/stm32f4xx_adc.o
                0x08010ef0                ADC_StructInit
 *fill*         0x08010f2e        0x2 
 .text.ADC_CommonInit
                0x08010f30       0x50 cmsis_lib/source/stm32f4xx_adc.o
                0x08010f30                ADC_CommonInit
 .text.ADC_Cmd  0x08010f80       0x38 cmsis_lib/source/stm32f4xx_adc.o
                0x08010f80                ADC_Cmd
 .text.ADC_RegularChannelConfig
                0x08010fb8      0x194 cmsis_lib/source/stm32f4xx_adc.o
                0x08010fb8                ADC_RegularChannelConfig
 .text.ADC_SoftwareStartConv
                0x0801114c       0x20 cmsis_lib/source/stm32f4xx_adc.o
                0x0801114c                ADC_SoftwareStartConv
 .text.ADC_GetConversionValue
                0x0801116c       0x1a cmsis_lib/source/stm32f4xx_adc.o
                0x0801116c                ADC_GetConversionValue
 *fill*         0x08011186        0x2 
 .text.DAC_Init
                0x08011188       0x68 cmsis_lib/source/stm32f4xx_dac.o
                0x08011188                DAC_Init
 .text.DAC_Cmd  0x080111f0       0x4c cmsis_lib/source/stm32f4xx_dac.o
                0x080111f0                DAC_Cmd
 .text.DAC_SetChannel2Data
                0x0801123c       0x38 cmsis_lib/source/stm32f4xx_dac.o
                0x0801123c                DAC_SetChannel2Data
 .text.DMA_DeInit
                0x08011274      0x1a8 cmsis_lib/source/stm32f4xx_dma.o
                0x08011274                DMA_DeInit
 .text.DMA_Init
                0x0801141c       0xb0 cmsis_lib/source/stm32f4xx_dma.o
                0x0801141c                DMA_Init
 .text.DMA_Cmd  0x080114cc       0x38 cmsis_lib/source/stm32f4xx_dma.o
                0x080114cc                DMA_Cmd
 .text.DMA_GetFlagStatus
                0x08011504       0x78 cmsis_lib/source/stm32f4xx_dma.o
                0x08011504                DMA_GetFlagStatus
 .text.DMA_ClearFlag
                0x0801157c       0x5c cmsis_lib/source/stm32f4xx_dma.o
                0x0801157c                DMA_ClearFlag
 .text.DMA_ITConfig
                0x080115d8       0x74 cmsis_lib/source/stm32f4xx_dma.o
                0x080115d8                DMA_ITConfig
 .text.EXTI_Init
                0x0801164c       0xe4 cmsis_lib/source/stm32f4xx_exti.o
                0x0801164c                EXTI_Init
 .text.EXTI_GetITStatus
                0x08011730       0x48 cmsis_lib/source/stm32f4xx_exti.o
                0x08011730                EXTI_GetITStatus
 .text.EXTI_ClearITPendingBit
                0x08011778       0x20 cmsis_lib/source/stm32f4xx_exti.o
                0x08011778                EXTI_ClearITPendingBit
 .text.GPIO_Init
                0x08011798      0x11c cmsis_lib/source/stm32f4xx_gpio.o
                0x08011798                GPIO_Init
 .text.GPIO_ReadInputDataBit
                0x080118b4       0x34 cmsis_lib/source/stm32f4xx_gpio.o
                0x080118b4                GPIO_ReadInputDataBit
 .text.GPIO_SetBits
                0x080118e8       0x1e cmsis_lib/source/stm32f4xx_gpio.o
                0x080118e8                GPIO_SetBits
 .text.GPIO_ResetBits
                0x08011906       0x1e cmsis_lib/source/stm32f4xx_gpio.o
                0x08011906                GPIO_ResetBits
 .text.GPIO_PinAFConfig
                0x08011924       0x92 cmsis_lib/source/stm32f4xx_gpio.o
                0x08011924                GPIO_PinAFConfig
 *fill*         0x080119b6        0x2 
 .text.I2C_DeInit
                0x080119b8       0x74 cmsis_lib/source/stm32f4xx_i2c.o
                0x080119b8                I2C_DeInit
 .text.I2C_Init
                0x08011a2c      0x184 cmsis_lib/source/stm32f4xx_i2c.o
                0x08011a2c                I2C_Init
 .text.I2C_Cmd  0x08011bb0       0x40 cmsis_lib/source/stm32f4xx_i2c.o
                0x08011bb0                I2C_Cmd
 .text.I2C_GenerateSTART
                0x08011bf0       0x40 cmsis_lib/source/stm32f4xx_i2c.o
                0x08011bf0                I2C_GenerateSTART
 .text.I2C_GenerateSTOP
                0x08011c30       0x40 cmsis_lib/source/stm32f4xx_i2c.o
                0x08011c30                I2C_GenerateSTOP
 .text.I2C_Send7bitAddress
                0x08011c70       0x3c cmsis_lib/source/stm32f4xx_i2c.o
                0x08011c70                I2C_Send7bitAddress
 .text.I2C_AcknowledgeConfig
                0x08011cac       0x40 cmsis_lib/source/stm32f4xx_i2c.o
                0x08011cac                I2C_AcknowledgeConfig
 .text.I2C_SendData
                0x08011cec       0x20 cmsis_lib/source/stm32f4xx_i2c.o
                0x08011cec                I2C_SendData
 .text.I2C_ReceiveData
                0x08011d0c       0x1c cmsis_lib/source/stm32f4xx_i2c.o
                0x08011d0c                I2C_ReceiveData
 .text.I2C_CheckEvent
                0x08011d28       0x60 cmsis_lib/source/stm32f4xx_i2c.o
                0x08011d28                I2C_CheckEvent
 .text.I2C_GetFlagStatus
                0x08011d88       0x66 cmsis_lib/source/stm32f4xx_i2c.o
                0x08011d88                I2C_GetFlagStatus
 .text.I2C_ClearFlag
                0x08011dee       0x2e cmsis_lib/source/stm32f4xx_i2c.o
                0x08011dee                I2C_ClearFlag
 .text.RCC_MCO2Config
                0x08011e1c       0x40 cmsis_lib/source/stm32f4xx_rcc.o
                0x08011e1c                RCC_MCO2Config
 .text.RCC_GetClocksFreq
                0x08011e5c      0x148 cmsis_lib/source/stm32f4xx_rcc.o
                0x08011e5c                RCC_GetClocksFreq
 .text.RCC_AHB1PeriphClockCmd
                0x08011fa4       0x40 cmsis_lib/source/stm32f4xx_rcc.o
                0x08011fa4                RCC_AHB1PeriphClockCmd
 .text.RCC_APB1PeriphClockCmd
                0x08011fe4       0x40 cmsis_lib/source/stm32f4xx_rcc.o
                0x08011fe4                RCC_APB1PeriphClockCmd
 .text.RCC_APB2PeriphClockCmd
                0x08012024       0x40 cmsis_lib/source/stm32f4xx_rcc.o
                0x08012024                RCC_APB2PeriphClockCmd
 .text.RCC_APB1PeriphResetCmd
                0x08012064       0x40 cmsis_lib/source/stm32f4xx_rcc.o
                0x08012064                RCC_APB1PeriphResetCmd
 .text.RCC_APB2PeriphResetCmd
                0x080120a4       0x40 cmsis_lib/source/stm32f4xx_rcc.o
                0x080120a4                RCC_APB2PeriphResetCmd
 .text.SPI_I2S_DeInit
                0x080120e4       0x74 cmsis_lib/source/stm32f4xx_spi.o
                0x080120e4                SPI_I2S_DeInit
 .text.SPI_Init
                0x08012158       0x88 cmsis_lib/source/stm32f4xx_spi.o
                0x08012158                SPI_Init
 .text.I2S_Init
                0x080121e0      0x1ac cmsis_lib/source/stm32f4xx_spi.o
                0x080121e0                I2S_Init
 .text.SPI_Cmd  0x0801238c       0x40 cmsis_lib/source/stm32f4xx_spi.o
                0x0801238c                SPI_Cmd
 .text.I2S_Cmd  0x080123cc       0x40 cmsis_lib/source/stm32f4xx_spi.o
                0x080123cc                I2S_Cmd
 .text.I2S_FullDuplexConfig
                0x0801240c       0x9c cmsis_lib/source/stm32f4xx_spi.o
                0x0801240c                I2S_FullDuplexConfig
 .text.SPI_I2S_ReceiveData
                0x080124a8       0x1a cmsis_lib/source/stm32f4xx_spi.o
                0x080124a8                SPI_I2S_ReceiveData
 .text.SPI_I2S_SendData
                0x080124c2       0x1e cmsis_lib/source/stm32f4xx_spi.o
                0x080124c2                SPI_I2S_SendData
 .text.SPI_I2S_DMACmd
                0x080124e0       0x48 cmsis_lib/source/stm32f4xx_spi.o
                0x080124e0                SPI_I2S_DMACmd
 .text.SPI_I2S_GetFlagStatus
                0x08012528       0x38 cmsis_lib/source/stm32f4xx_spi.o
                0x08012528                SPI_I2S_GetFlagStatus
 .text.SYSCFG_EXTILineConfig
                0x08012560       0x84 cmsis_lib/source/stm32f4xx_syscfg.o
                0x08012560                SYSCFG_EXTILineConfig
 .text.TIM_GetCounter
                0x080125e4       0x18 cmsis_lib/source/stm32f4xx_tim.o
                0x080125e4                TIM_GetCounter
 .text.api_dsp_spi_init
                0x080125fc       0xe8 drivers/api/api_dsp.o
 .text.api_dsp_irq_init
                0x080126e4       0x8c drivers/api/api_dsp.o
 .text.api_dsp_SendByteSpiA
                0x08012770       0x4c drivers/api/api_dsp.o
 .text.api_dsp_to_cpu_msg
                0x080127bc       0x68 drivers/api/api_dsp.o
 .text.api_dsp_execute_command
                0x08012824      0x1dc drivers/api/api_dsp.o
 .text.api_dsp_init
                0x08012a00       0x30 drivers/api/api_dsp.o
                0x08012a00                api_dsp_init
 .text.api_dsp_thread
                0x08012a30       0x48 drivers/api/api_dsp.o
                0x08012a30                api_dsp_thread
 .text.api_dsp_irq
                0x08012a78       0x3c drivers/api/api_dsp.o
                0x08012a78                api_dsp_irq
 .text.api_dsp_post
                0x08012ab4      0x180 drivers/api/api_dsp.o
                0x08012ab4                api_dsp_post
 .text.arm_sqrt_f32
                0x08012c34       0x44 drivers/audio/audio_driver.o
 .text.audio_driver_config_nco
                0x08012c78       0xec drivers/audio/audio_driver.o
                0x08012c78                audio_driver_config_nco
 .text.audio_driver_init
                0x08012d64       0xf8 drivers/audio/audio_driver.o
                0x08012d64                audio_driver_init
 .text.audio_driver_set_rx_audio_filter
                0x08012e5c      0x750 drivers/audio/audio_driver.o
                0x08012e5c                audio_driver_set_rx_audio_filter
 .text.Audio_Init
                0x080135ac       0x7c drivers/audio/audio_driver.o
 .text.audio_rx_noise_blanker
                0x08013628      0x79c drivers/audio/audio_driver.o
 *fill*         0x08013dc4        0x4 
 .text.audio_rx_freq_conv
                0x08013dc8      0x220 drivers/audio/audio_driver.o
 .text.audio_rx_agc_processor
                0x08013fe8      0x378 drivers/audio/audio_driver.o
 .text.audio_rx_processor
                0x08014360      0xa14 drivers/audio/audio_driver.o
 .text.audio_dv_rx_processor
                0x08014d74      0x504 drivers/audio/audio_driver.o
 .text.audio_tx_compressor
                0x08015278      0x304 drivers/audio/audio_driver.o
 *fill*         0x0801557c        0x4 
 .text.audio_tx_processor
                0x08015580      0xcf8 drivers/audio/audio_driver.o
 .text.audio_dv_tx_processor
                0x08016278      0x3c4 drivers/audio/audio_driver.o
 .text.I2S_RX_CallBack
                0x0801663c      0x19c drivers/audio/audio_driver.o
                0x0801663c                I2S_RX_CallBack
 .text.Codec_Init
                0x080167d8       0x26 drivers/audio/codec/codec.o
                0x080167d8                Codec_Init
 .text.Codec_Reset
                0x080167fe       0xa2 drivers/audio/codec/codec.o
                0x080167fe                Codec_Reset
 .text.Codec_RX_TX
                0x080168a0      0x160 drivers/audio/codec/codec.o
                0x080168a0                Codec_RX_TX
 .text.Codec_SidetoneSetgain
                0x08016a00       0xf0 drivers/audio/codec/codec.o
                0x08016a00                Codec_SidetoneSetgain
 .text.Codec_Volume
                0x08016af0       0x90 drivers/audio/codec/codec.o
                0x08016af0                Codec_Volume
 .text.Codec_Mute
                0x08016b80       0x2a drivers/audio/codec/codec.o
                0x08016b80                Codec_Mute
 .text.Codec_WriteRegister
                0x08016baa       0x48 drivers/audio/codec/codec.o
                0x08016baa                Codec_WriteRegister
 *fill*         0x08016bf2        0x2 
 .text.Codec_AudioInterface_Init
                0x08016bf4       0x58 drivers/audio/codec/codec.o
                0x08016bf4                Codec_AudioInterface_Init
 .text.Codec_GPIO_Init
                0x08016c4c       0xac drivers/audio/codec/codec.o
                0x08016c4c                Codec_GPIO_Init
 .text.Codec_Line_Gain_Adj
                0x08016cf8       0x28 drivers/audio/codec/codec.o
                0x08016cf8                Codec_Line_Gain_Adj
 .text.NVIC_EnableIRQ
                0x08016d20       0x34 drivers/audio/codec/i2s.o
 .text.I2S_Block_Init
                0x08016d54      0x150 drivers/audio/codec/i2s.o
                0x08016d54                I2S_Block_Init
 .text.I2S_Block_Process
                0x08016ea4       0xb0 drivers/audio/codec/i2s.o
                0x08016ea4                I2S_Block_Process
 .text.DMA1_Stream2_IRQHandler
                0x08016f54       0xd4 drivers/audio/codec/i2s.o
                0x08016f54                DMA1_Stream2_IRQHandler
 .text.cw_gen_get_line_state
                0x08017028       0x50 drivers/audio/cw/cw_gen.o
 .text.cw_gen_init
                0x08017078       0x5c drivers/audio/cw/cw_gen.o
                0x08017078                cw_gen_init
 .text.cw_gen_remove_click_on_rising_edge
                0x080170d4       0xbc drivers/audio/cw/cw_gen.o
                0x080170d4                cw_gen_remove_click_on_rising_edge
 .text.cw_gen_remove_click_on_falling_edge
                0x08017190       0xcc drivers/audio/cw/cw_gen.o
                0x08017190                cw_gen_remove_click_on_falling_edge
 .text.cw_gen_check_keyer_state
                0x0801725c       0x8c drivers/audio/cw/cw_gen.o
                0x0801725c                cw_gen_check_keyer_state
 .text.cw_gen_process
                0x080172e8       0x40 drivers/audio/cw/cw_gen.o
                0x080172e8                cw_gen_process
 .text.cw_gen_process_strk
                0x08017328       0xe4 drivers/audio/cw/cw_gen.o
                0x08017328                cw_gen_process_strk
 .text.cw_gen_process_iamb
                0x0801740c      0x244 drivers/audio/cw/cw_gen.o
                0x0801740c                cw_gen_process_iamb
 .text.cw_gen_dah_IRQ
                0x08017650       0x74 drivers/audio/cw/cw_gen.o
                0x08017650                cw_gen_dah_IRQ
 .text.cw_gen_dit_IRQ
                0x080176c4       0x34 drivers/audio/cw/cw_gen.o
                0x080176c4                cw_gen_dit_IRQ
 .text.softdds_setfreq
                0x080176f8       0x6c drivers/audio/softdds/softdds.o
                0x080176f8                softdds_setfreq
 .text.softdds_runf
                0x08017764       0xa0 drivers/audio/softdds/softdds.o
                0x08017764                softdds_runf
 .text.UiLcdHy28_SendByteSpi
                0x08017804       0x48 drivers/ui/lcd/ui_lcd_hy28.o
                0x08017804                UiLcdHy28_SendByteSpi
 .text.UiLcdHy28_WriteIndexSpi
                0x0801784c       0x40 drivers/ui/lcd/ui_lcd_hy28.o
                0x0801784c                UiLcdHy28_WriteIndexSpi
 .text.UiLcdHy28_WriteDataSpi
                0x0801788c       0x48 drivers/ui/lcd/ui_lcd_hy28.o
                0x0801788c                UiLcdHy28_WriteDataSpi
 .text.UiLcdHy28_WriteDataSpiStart
                0x080178d4        0xe drivers/ui/lcd/ui_lcd_hy28.o
                0x080178d4                UiLcdHy28_WriteDataSpiStart
 *fill*         0x080178e2        0x2 
 .text.UiLcdHy28_WriteDataOnly
                0x080178e4       0x4c drivers/ui/lcd/ui_lcd_hy28.o
                0x080178e4                UiLcdHy28_WriteDataOnly
 .text.UiLcdHy28_WriteReg
                0x08017930       0x54 drivers/ui/lcd/ui_lcd_hy28.o
                0x08017930                UiLcdHy28_WriteReg
 .text.UiLcdHy28_SetCursorA
                0x08017984       0x2c drivers/ui/lcd/ui_lcd_hy28.o
 .text.UiLcdHy28_LcdClear
                0x080179b0       0x90 drivers/ui/lcd/ui_lcd_hy28.o
                0x080179b0                UiLcdHy28_LcdClear
 .text.UiLcdHy28_WriteRAM_Prepare
                0x08017a40       0x40 drivers/ui/lcd/ui_lcd_hy28.o
                0x08017a40                UiLcdHy28_WriteRAM_Prepare
 .text.UiLcdHy28_DrawStraightLine
                0x08017a80       0xcc drivers/ui/lcd/ui_lcd_hy28.o
                0x08017a80                UiLcdHy28_DrawStraightLine
 .text.UiLcdHy28_DrawHorizLineWithGrad
                0x08017b4c       0xd8 drivers/ui/lcd/ui_lcd_hy28.o
                0x08017b4c                UiLcdHy28_DrawHorizLineWithGrad
 .text.UiLcdHy28_DrawEmptyRect
                0x08017c24       0x76 drivers/ui/lcd/ui_lcd_hy28.o
                0x08017c24                UiLcdHy28_DrawEmptyRect
 .text.UiLcdHy28_DrawBottomButton
                0x08017c9a       0x5c drivers/ui/lcd/ui_lcd_hy28.o
                0x08017c9a                UiLcdHy28_DrawBottomButton
 *fill*         0x08017cf6        0x2 
 .text.UiLcdHy28_DrawFullRect
                0x08017cf8      0x114 drivers/ui/lcd/ui_lcd_hy28.o
                0x08017cf8                UiLcdHy28_DrawFullRect
 .text.UiLcdHy28_DrawChar
                0x08017e0c      0x288 drivers/ui/lcd/ui_lcd_hy28.o
                0x08017e0c                UiLcdHy28_DrawChar
 .text.UiLcdHy28_PrintText
                0x08018094       0xfc drivers/ui/lcd/ui_lcd_hy28.o
                0x08018094                UiLcdHy28_PrintText
 .text.ui_si570_setbits
                0x08018190       0x2c drivers/ui/oscillator/ui_si570.o
 .text.ui_si570_verify_frequency
                0x080181bc       0x60 drivers/ui/oscillator/ui_si570.o
 .text.ui_si570_small_frequency_change
                0x0801821c       0xb0 drivers/ui/oscillator/ui_si570.o
 .text.ui_si570_large_frequency_change
                0x080182cc      0x120 drivers/ui/oscillator/ui_si570.o
 *fill*         0x080183ec        0x4 
 .text.ui_si570_is_large_change
                0x080183f0       0xbc drivers/ui/oscillator/ui_si570.o
 .text.ui_si570_get_configuration
                0x080184ac      0x1ec drivers/ui/oscillator/ui_si570.o
                0x080184ac                ui_si570_get_configuration
 .text.ui_si570_change_frequency
                0x08018698      0x354 drivers/ui/oscillator/ui_si570.o
 *fill*         0x080189ec        0x4 
 .text.ui_si570_set_frequency
                0x080189f0      0x104 drivers/ui/oscillator/ui_si570.o
                0x080189f0                ui_si570_set_frequency
 .text.ui_si570_init_temp_sensor
                0x08018af4       0x66 drivers/ui/oscillator/ui_si570.o
                0x08018af4                ui_si570_init_temp_sensor
 .text.ui_si570_read_temp
                0x08018b5a       0x3a drivers/ui/oscillator/ui_si570.o
                0x08018b5a                ui_si570_read_temp
 .text.ui_si570_conv_temp
                0x08018b94       0xa8 drivers/ui/oscillator/ui_si570.o
                0x08018b94                ui_si570_conv_temp
 *fill*         0x08018c3c        0x4 
 .text.ui_si570_calc_startupfrequency
                0x08018c40      0x254 drivers/ui/oscillator/ui_si570.o
                0x08018c40                ui_si570_calc_startupfrequency
 .text.ui_driver_init
                0x08018e94      0x170 drivers/ui/ui_driver.o
                0x08018e94                ui_driver_init
 .text.ui_driver_thread
                0x08019004      0x150 drivers/ui/ui_driver.o
                0x08019004                ui_driver_thread
 .text.ui_driver_toggle_tx
                0x08019154      0x354 drivers/ui/ui_driver.o
                0x08019154                ui_driver_toggle_tx
 .text.UiDriverPublicsInit
                0x080194a8      0x134 drivers/ui/ui_driver.o
 .text.UiDriverProcessKeyboard
                0x080195dc      0xd80 drivers/ui/ui_driver.o
 .text.UiDriverPressHoldStep
                0x0801a35c       0xd0 drivers/ui/ui_driver.o
 .text.UiDriverProcessActiveFilterScan
                0x0801a42c      0x218 drivers/ui/ui_driver.o
 .text.UiDriverProcessFunctionKeyClick
                0x0801a644      0x93c drivers/ui/ui_driver.o
 .text.UiDriverShowMode
                0x0801af80       0xe8 drivers/ui/ui_driver.o
                0x0801af80                UiDriverShowMode
 .text.UiDriverShowStep
                0x0801b068      0x224 drivers/ui/ui_driver.o
                0x0801b068                UiDriverShowStep
 .text.UiDriverShowBand
                0x0801b28c      0x18c drivers/ui/ui_driver.o
 .text.UiDriverChangeBandFilter
                0x0801b418      0x22c drivers/ui/ui_driver.o
                0x0801b418                UiDriverChangeBandFilter
 .text.UiDriverInitMainFreqDisplay
                0x0801b644      0x13c drivers/ui/ui_driver.o
 .text.UiDriverCreateDesktop
                0x0801b780      0x194 drivers/ui/ui_driver.o
 .text.UiDriverCreateFunctionButtons
                0x0801b914      0x220 drivers/ui/ui_driver.o
 .text.UiDriverDrawWhiteSMeter
                0x0801bb34       0xb2 drivers/ui/ui_driver.o
 .text.UiDriverDrawRedSMeter
                0x0801bbe6       0xb2 drivers/ui/ui_driver.o
 .text.UiDriverDeleteSMeter
                0x0801bc98       0x40 drivers/ui/ui_driver.o
 .text.UiDriverCreateSMeter
                0x0801bcd8      0x7ac drivers/ui/ui_driver.o
 .text.UiDriverUpdateTopMeterA
                0x0801c484       0xd0 drivers/ui/ui_driver.o
 .text.UiDriverUpdateBtmMeter
                0x0801c554       0xde drivers/ui/ui_driver.o
 *fill*         0x0801c632        0x2 
 .text.UiDrawSpectrumScopeFrequencyBarText
                0x0801c634      0x530 drivers/ui/ui_driver.o
                0x0801c634                UiDrawSpectrumScopeFrequencyBarText
 .text.UiDriverCreateSpectrumScope
                0x0801cb64      0x648 drivers/ui/ui_driver.o
                0x0801cb64                UiDriverCreateSpectrumScope
 .text.UiDriverClearSpectrumDisplay
                0x0801d1ac       0x70 drivers/ui/ui_driver.o
                0x0801d1ac                UiDriverClearSpectrumDisplay
 .text.UiDriverInitFrequency
                0x0801d21c      0x128 drivers/ui/ui_driver.o
 .text.UiDriverCheckFilter
                0x0801d344       0xb8 drivers/ui/ui_driver.o
 .text.UiDriverCheckBand
                0x0801d3fc       0x88 drivers/ui/ui_driver.o
                0x0801d3fc                UiDriverCheckBand
 .text.UiDriverUpdateFrequency
                0x0801d484      0x328 drivers/ui/ui_driver.o
                0x0801d484                UiDriverUpdateFrequency
 .text.UiDriverUpdateFrequencyFast
                0x0801d7ac      0x11c drivers/ui/ui_driver.o
                0x0801d7ac                UiDriverUpdateFrequencyFast
 .text.UiDriverUpdateLcdFreq
                0x0801d8c8      0x644 drivers/ui/ui_driver.o
 .text.UiDriverUpdateSecondLcdFreq
                0x0801df0c      0x500 drivers/ui/ui_driver.o
 .text.UiDriverChangeTuningStep
                0x0801e40c       0xc0 drivers/ui/ui_driver.o
                0x0801e40c                UiDriverChangeTuningStep
 .text.UiDriverButtonCheck
                0x0801e4cc       0x48 drivers/ui/ui_driver.o
 *fill*         0x0801e514        0x4 
 .text.UiDriverTimeScheduler
                0x0801e518      0x79c drivers/ui/ui_driver.o
 .text.UiDriverChangeDemodMode
                0x0801ecb4      0x164 drivers/ui/ui_driver.o
 .text.UiDriverChangeBand
                0x0801ee18      0x1d4 drivers/ui/ui_driver.o
 .text.UiDriverChangeBandA
                0x0801efec      0x160 drivers/ui/ui_driver.o
 .text.UiDriverCheckFrequencyEncoder
                0x0801f14c      0x100 drivers/ui/ui_driver.o
 .text.UiDriverCheckEncoderOne
                0x0801f24c        0xe drivers/ui/ui_driver.o
 *fill*         0x0801f25a        0x2 
 .text.UiDriverCheckEncoderTwo
                0x0801f25c      0x35c drivers/ui/ui_driver.o
 .text.UiDriverCheckEncoderThree
                0x0801f5b8      0x3c8 drivers/ui/ui_driver.o
 .text.UiDriverChangeEncoderOneMode
                0x0801f980       0xd8 drivers/ui/ui_driver.o
 .text.UiDriverChangeEncoderTwoMode
                0x0801fa58       0x9c drivers/ui/ui_driver.o
 .text.UiDriverChangeEncoderThreeMode
                0x0801faf4       0xd8 drivers/ui/ui_driver.o
 .text.UiDriverChangeAfGain
                0x0801fbcc       0xac drivers/ui/ui_driver.o
 .text.UiDriverChangeStGain
                0x0801fc78       0xac drivers/ui/ui_driver.o
                0x0801fc78                UiDriverChangeStGain
 .text.UiDriverChangeCmpLevel
                0x0801fd24       0xd8 drivers/ui/ui_driver.o
                0x0801fd24                UiDriverChangeCmpLevel
 .text.UiDriverChangeDSPMode
                0x0801fdfc      0x188 drivers/ui/ui_driver.o
 .text.UiDriverChangePowerLevel
                0x0801ff84       0xf4 drivers/ui/ui_driver.o
 .text.UiDriverChangeKeyerSpeed
                0x08020078       0xc4 drivers/ui/ui_driver.o
                0x08020078                UiDriverChangeKeyerSpeed
 .text.UIDriverChangeAudioGain
                0x0802013c      0x104 drivers/ui/ui_driver.o
                0x0802013c                UIDriverChangeAudioGain
 .text.UiDriverChangeRfGain
                0x08020240       0xdc drivers/ui/ui_driver.o
                0x08020240                UiDriverChangeRfGain
 .text.UiDriverChangeSigProc
                0x0802031c      0x1c0 drivers/ui/ui_driver.o
 .text.UiDriverChangeRit
                0x080204dc       0xe8 drivers/ui/ui_driver.o
 .text.UiDriverChangeFilter
                0x080205c4      0x1e8 drivers/ui/ui_driver.o
                0x080205c4                UiDriverChangeFilter
 .text.UiDriverDisplayFilterBW
                0x080207ac      0x50c drivers/ui/ui_driver.o
                0x080207ac                UiDriverDisplayFilterBW
 .text.UiDriverInitSpectrumDisplay
                0x08020cb8      0x308 drivers/ui/ui_driver.o
 .text.UiDriverReDrawSpectrumDisplay
                0x08020fc0      0xd38 drivers/ui/ui_driver.o
 .text.UiInitSpectrumScopeWaterfall
                0x08021cf8       0x18 drivers/ui/ui_driver.o
 .text.UiDriverHandleSmeter
                0x08021d10      0x304 drivers/ui/ui_driver.o
 *fill*         0x08022014        0x4 
 .text.UiDriverHandleLowerMeter
                0x08022018      0xc88 drivers/ui/ui_driver.o
 .text.UiDriverHandlePowerSupply
                0x08022ca0      0x29c drivers/ui/ui_driver.o
 .text.UiDriverUpdateLoMeter
                0x08022f3c       0xd0 drivers/ui/ui_driver.o
 .text.UiDriverCreateTemperatureDisplay
                0x0802300c      0x144 drivers/ui/ui_driver.o
                0x0802300c                UiDriverCreateTemperatureDisplay
 .text.UiDriverRefreshTemperatureDisplay
                0x08023150      0x248 drivers/ui/ui_driver.o
 .text.UiDriverHandleLoTemperature
                0x08023398      0x28c drivers/ui/ui_driver.o
 .text.UiDriverSwitchOffPtt
                0x08023624       0xc8 drivers/ui/ui_driver.o
 .text.uiCodecMute
                0x080236ec       0x1a drivers/ui/ui_driver.o
                0x080236ec                uiCodecMute
 *fill*         0x08023706        0x2 
 .text.UiDriverSetBandPowerFactor
                0x08023708      0x290 drivers/ui/ui_driver.o
                0x08023708                UiDriverSetBandPowerFactor
 .text.UiLCDBlankTiming
                0x08023998       0x54 drivers/ui/ui_driver.o
                0x08023998                UiLCDBlankTiming
 .text.UiCalcAGCDecay
                0x080239ec       0xc4 drivers/ui/ui_driver.o
                0x080239ec                UiCalcAGCDecay
 .text.UiCalcALCDecay
                0x08023ab0       0x74 drivers/ui/ui_driver.o
                0x08023ab0                UiCalcALCDecay
 *fill*         0x08023b24        0x4 
 .text.UiCalcRFGain
                0x08023b28       0x88 drivers/ui/ui_driver.o
                0x08023b28                UiCalcRFGain
 .text.UiCalcAGCVals
                0x08023bb0      0x118 drivers/ui/ui_driver.o
                0x08023bb0                UiCalcAGCVals
 .text.UiCWSidebandMode
                0x08023cc8       0x90 drivers/ui/ui_driver.o
                0x08023cc8                UiCWSidebandMode
 .text.UiCalcNB_AGC
                0x08023d58       0xe0 drivers/ui/ui_driver.o
                0x08023d58                UiCalcNB_AGC
 .text.UiCalcRxIqGainAdj
                0x08023e38       0xb4 drivers/ui/ui_driver.o
                0x08023e38                UiCalcRxIqGainAdj
 .text.UiCalcTxIqGainAdj
                0x08023eec       0x94 drivers/ui/ui_driver.o
                0x08023eec                UiCalcTxIqGainAdj
 .text.UiCalcRxPhaseAdj
                0x08023f80      0x7ac drivers/ui/ui_driver.o
                0x08023f80                UiCalcRxPhaseAdj
 .text.UiCalcTxCompLevel
                0x0802472c      0x1d8 drivers/ui/ui_driver.o
                0x0802472c                UiCalcTxCompLevel
 .text.UiCalcTxPhaseAdj
                0x08024904      0x21c drivers/ui/ui_driver.o
                0x08024904                UiCalcTxPhaseAdj
 .text.UiDriverLoadFilterValue
                0x08024b20       0x54 drivers/ui/ui_driver.o
                0x08024b20                UiDriverLoadFilterValue
 .text.UiDriverSaveEepromValuesPowerDown
                0x08024b74     0x17e0 drivers/ui/ui_driver.o
                0x08024b74                UiDriverSaveEepromValuesPowerDown
 .text.UiDriverUpdateMenu
                0x08026354     0x146c drivers/ui/ui_menu.o
                0x08026354                UiDriverUpdateMenu
 .text.UiDriverUpdateMenuLines
                0x080277c0     0x3568 drivers/ui/ui_menu.o
 .text.UiDriverUpdateConfigMenuLines
                0x0802ad28     0x39fc drivers/ui/ui_menu.o
 .text.UiDriverMemMenu
                0x0802e724      0x2f8 drivers/ui/ui_menu.o
                0x0802e724                UiDriverMemMenu
 .text.UiDriverUpdateMemLines
                0x0802ea1c       0xf4 drivers/ui/ui_menu.o
                0x0802ea1c                UiDriverUpdateMemLines
 .text.get_pcb_rev
                0x0802eb10        0xe hardware/get_pcb_rev.o
                0x0802eb10                get_pcb_rev
 *fill*         0x0802eb1e        0x2 
 .text.NVIC_SetPriority
                0x0802eb20       0x54 hardware/mchf_board.o
 .text.SysTick_Config
                0x0802eb74       0x44 hardware/mchf_board.o
 .text.mchf_board_swo_init
                0x0802ebb8       0x94 hardware/mchf_board.o
                0x0802ebb8                mchf_board_swo_init
 .text.mchf_board_led_init
                0x0802ec4c       0x44 hardware/mchf_board.o
 .text.mchf_board_debug_init
                0x0802ec90       0x14 hardware/mchf_board.o
 .text.mchf_board_keypad_init
                0x0802eca4       0x50 hardware/mchf_board.o
 .text.mchf_board_ptt_init
                0x0802ecf4       0x58 hardware/mchf_board.o
 .text.mchf_board_keyer_irq_init
                0x0802ed4c       0xc8 hardware/mchf_board.o
 .text.mchf_board_power_button_irq_init
                0x0802ee14       0x78 hardware/mchf_board.o
 .text.mchf_board_dac1_init
                0x0802ee8c       0x60 hardware/mchf_board.o
 .text.mchf_board_adc1_init
                0x0802eeec       0x9c hardware/mchf_board.o
 .text.mchf_board_adc2_init
                0x0802ef88       0x9c hardware/mchf_board.o
 .text.mchf_board_adc3_init
                0x0802f024       0x9c hardware/mchf_board.o
 .text.mchf_board_power_down_init
                0x0802f0c0       0x3c hardware/mchf_board.o
 .text.mchf_board_band_cntr_init
                0x0802f0fc       0x4c hardware/mchf_board.o
 .text.mchf_board_set_system_tick_value
                0x0802f148       0x30 hardware/mchf_board.o
 .text.mchf_board_green_led
                0x0802f178       0x44 hardware/mchf_board.o
                0x0802f178                mchf_board_green_led
 .text.mchf_board_red_led
                0x0802f1bc       0x44 hardware/mchf_board.o
                0x0802f1bc                mchf_board_red_led
 .text.mchf_board_power_off
                0x0802f200      0x210 hardware/mchf_board.o
                0x0802f200                mchf_board_power_off
 .text.mchf_board_init
                0x0802f410       0x60 hardware/mchf_board.o
                0x0802f410                mchf_board_init
 .text.mchf_board_post_init
                0x0802f470       0x18 hardware/mchf_board.o
                0x0802f470                mchf_board_post_init
 .text.Read_VirtEEPROM
                0x0802f488       0x2c hardware/mchf_board.o
                0x0802f488                Read_VirtEEPROM
 .text.Write_VirtEEPROM
                0x0802f4b4       0x34 hardware/mchf_board.o
                0x0802f4b4                Write_VirtEEPROM
 .text.WaitSR1FlagsSet
                0x0802f4e8       0x44 hardware/mchf_hw_i2c.o
 .text.WaitLineIdle
                0x0802f52c       0x3c hardware/mchf_hw_i2c.o
 .text.mchf_hw_i2c_init
                0x0802f568       0x90 hardware/mchf_hw_i2c.o
                0x0802f568                mchf_hw_i2c_init
 .text.mchf_hw_i2c_WriteRegister
                0x0802f5f8      0x168 hardware/mchf_hw_i2c.o
                0x0802f5f8                mchf_hw_i2c_WriteRegister
 .text.mchf_hw_i2c_WriteBlock
                0x0802f760      0x180 hardware/mchf_hw_i2c.o
                0x0802f760                mchf_hw_i2c_WriteBlock
 .text.mchf_hw_i2c_ReadRegister
                0x0802f8e0      0x1fc hardware/mchf_hw_i2c.o
                0x0802f8e0                mchf_hw_i2c_ReadRegister
 .text.mchf_hw_i2c_ReadData
                0x0802fadc      0x2cc hardware/mchf_hw_i2c.o
                0x0802fadc                mchf_hw_i2c_ReadData
 .text.mchf_hw_i2c2_init
                0x0802fda8       0x90 hardware/mchf_hw_i2c2.o
                0x0802fda8                mchf_hw_i2c2_init
 .text.mchf_hw_i2c2_WriteRegister
                0x0802fe38      0x168 hardware/mchf_hw_i2c2.o
                0x0802fe38                mchf_hw_i2c2_WriteRegister
 .text.EE_ReadVariable
                0x0802ffa0       0x34 misc/v_eeprom/eeprom.o
                0x0802ffa0                EE_ReadVariable
 .text.EE_WriteVariable
                0x0802ffd4       0x22 misc/v_eeprom/eeprom.o
                0x0802ffd4                EE_WriteVariable
 *fill*         0x0802fff6        0x2 
 .text.NVIC_SystemReset
                0x0802fff8       0x28 startup/main.o
 .text.CriticalError
                0x08030020       0x14 startup/main.o
                0x08030020                CriticalError
 .text.NMI_Handler
                0x08030034       0x18 startup/main.o
                0x08030034                NMI_Handler
 .text.HardFault_Handler
                0x0803004c       0x18 startup/main.o
                0x0803004c                HardFault_Handler
 .text.MemManage_Handler
                0x08030064       0x18 startup/main.o
                0x08030064                MemManage_Handler
 .text.BusFault_Handler
                0x0803007c       0x18 startup/main.o
                0x0803007c                BusFault_Handler
 .text.UsageFault_Handler
                0x08030094       0x18 startup/main.o
                0x08030094                UsageFault_Handler
 .text.SVC_Handler
                0x080300ac       0x18 startup/main.o
                0x080300ac                SVC_Handler
 .text.DebugMon_Handler
                0x080300c4       0x18 startup/main.o
                0x080300c4                DebugMon_Handler
 .text.SysTick_Handler
                0x080300dc        0xe startup/main.o
                0x080300dc                SysTick_Handler
 *fill*         0x080300ea        0x2 
 .text.EXTI0_IRQHandler
                0x080300ec       0x7c startup/main.o
                0x080300ec                EXTI0_IRQHandler
 .text.EXTI1_IRQHandler
                0x08030168       0x40 startup/main.o
                0x08030168                EXTI1_IRQHandler
 .text.EXTI4_IRQHandler
                0x080301a8       0x1e startup/main.o
                0x080301a8                EXTI4_IRQHandler
 .text.EXTI15_10_IRQHandler
                0x080301c6       0x18 startup/main.o
                0x080301c6                EXTI15_10_IRQHandler
 *fill*         0x080301de        0x2 
 .text.TransceiverStateInit
                0x080301e0      0x4b8 startup/main.o
                0x080301e0                TransceiverStateInit
 .text.MiscInit
                0x08030698       0x20 startup/main.o
                0x08030698                MiscInit
 .text.main     0x080306b8       0x4c startup/main.o
                0x080306b8                main
 .text.Reset_Handler
                0x08030704       0x50 startup/startup_stm32f429xx.o
                0x08030704                Reset_Handler
 .text.Default_Handler
                0x08030754        0x2 startup/startup_stm32f429xx.o
                0x08030754                RTC_Alarm_IRQHandler
                0x08030754                HASH_RNG_IRQHandler
                0x08030754                EXTI2_IRQHandler
                0x08030754                TIM8_CC_IRQHandler
                0x08030754                UART8_IRQHandler
                0x08030754                SPI4_IRQHandler
                0x08030754                TIM1_CC_IRQHandler
                0x08030754                DMA2_Stream5_IRQHandler
                0x08030754                DMA1_Stream5_IRQHandler
                0x08030754                PVD_IRQHandler
                0x08030754                SDIO_IRQHandler
                0x08030754                TAMP_STAMP_IRQHandler
                0x08030754                PendSV_Handler
                0x08030754                CAN2_RX1_IRQHandler
                0x08030754                EXTI3_IRQHandler
                0x08030754                TIM8_TRG_COM_TIM14_IRQHandler
                0x08030754                TIM1_UP_TIM10_IRQHandler
                0x08030754                TIM8_UP_TIM13_IRQHandler
                0x08030754                I2C3_ER_IRQHandler
                0x08030754                I2C2_EV_IRQHandler
                0x08030754                CAN1_RX0_IRQHandler
                0x08030754                FPU_IRQHandler
                0x08030754                OTG_HS_WKUP_IRQHandler
                0x08030754                LTDC_ER_IRQHandler
                0x08030754                CAN2_SCE_IRQHandler
                0x08030754                DMA2_Stream2_IRQHandler
                0x08030754                SPI1_IRQHandler
                0x08030754                TIM6_DAC_IRQHandler
                0x08030754                TIM1_BRK_TIM9_IRQHandler
                0x08030754                DCMI_IRQHandler
                0x08030754                CAN2_RX0_IRQHandler
                0x08030754                DMA2_Stream3_IRQHandler
                0x08030754                USART6_IRQHandler
                0x08030754                USART3_IRQHandler
                0x08030754                CAN1_RX1_IRQHandler
                0x08030754                UART5_IRQHandler
                0x08030754                DMA2_Stream0_IRQHandler
                0x08030754                TIM4_IRQHandler
                0x08030754                I2C1_EV_IRQHandler
                0x08030754                DMA1_Stream6_IRQHandler
                0x08030754                DMA1_Stream1_IRQHandler
                0x08030754                UART4_IRQHandler
                0x08030754                TIM3_IRQHandler
                0x08030754                RCC_IRQHandler
                0x08030754                TIM8_BRK_TIM12_IRQHandler
                0x08030754                Default_Handler
                0x08030754                ADC_IRQHandler
                0x08030754                DMA1_Stream7_IRQHandler
                0x08030754                SPI5_IRQHandler
                0x08030754                TIM7_IRQHandler
                0x08030754                CAN2_TX_IRQHandler
                0x08030754                TIM5_IRQHandler
                0x08030754                DMA2_Stream7_IRQHandler
                0x08030754                I2C3_EV_IRQHandler
                0x08030754                EXTI9_5_IRQHandler
                0x08030754                RTC_WKUP_IRQHandler
                0x08030754                LTDC_IRQHandler
                0x08030754                ETH_WKUP_IRQHandler
                0x08030754                SPI2_IRQHandler
                0x08030754                OTG_HS_EP1_IN_IRQHandler
                0x08030754                DMA1_Stream0_IRQHandler
                0x08030754                CAN1_TX_IRQHandler
                0x08030754                ETH_IRQHandler
                0x08030754                OTG_HS_EP1_OUT_IRQHandler
                0x08030754                WWDG_IRQHandler
                0x08030754                SPI6_IRQHandler
                0x08030754                TIM2_IRQHandler
                0x08030754                OTG_FS_WKUP_IRQHandler
                0x08030754                TIM1_TRG_COM_TIM11_IRQHandler
                0x08030754                OTG_HS_IRQHandler
                0x08030754                DMA2D_IRQHandler
                0x08030754                UART7_IRQHandler
                0x08030754                USART2_IRQHandler
                0x08030754                I2C2_ER_IRQHandler
                0x08030754                DMA2_Stream1_IRQHandler
                0x08030754                CAN1_SCE_IRQHandler
                0x08030754                FLASH_IRQHandler
                0x08030754                DMA2_Stream4_IRQHandler
                0x08030754                USART1_IRQHandler
                0x08030754                OTG_FS_IRQHandler
                0x08030754                SPI3_IRQHandler
                0x08030754                DMA1_Stream4_IRQHandler
                0x08030754                I2C1_ER_IRQHandler
                0x08030754                FMC_IRQHandler
                0x08030754                DMA2_Stream6_IRQHandler
                0x08030754                SAI1_IRQHandler
                0x08030754                DMA1_Stream3_IRQHandler
 *fill*         0x08030756        0x2 
 .text.ITM_SendChar
                0x08030758       0x5c stdio/printf.o
 .text.PrintChar
                0x080307b4       0x1a stdio/printf.o
                0x080307b4                PrintChar
 .text.PutChar  0x080307ce       0x20 stdio/printf.o
                0x080307ce                PutChar
 .text.PutString
                0x080307ee       0x3c stdio/printf.o
                0x080307ee                PutString
 *fill*         0x0803082a        0x2 
 .text.PutUnsignedInt
                0x0803082c       0x9c stdio/printf.o
                0x0803082c                PutUnsignedInt
 .text.PutSignedInt
                0x080308c8       0xf8 stdio/printf.o
                0x080308c8                PutSignedInt
 .text.PutHexa  0x080309c0       0xd4 stdio/printf.o
                0x080309c0                PutHexa
 .text.vsnprintf
                0x08030a94      0x254 stdio/printf.o
                0x08030a94                vsnprintf
 .text.vsprintf
                0x08030ce8       0x24 stdio/printf.o
                0x08030ce8                vsprintf
 .text.vfprintf
                0x08030d0c       0x80 stdio/printf.o
                0x08030d0c                vfprintf
 .text.vprintf  0x08030d8c       0x28 stdio/printf.o
                0x08030d8c                vprintf
 .text.printf   0x08030db4       0x28 stdio/printf.o
                0x08030db4                printf
 .text.sprintf  0x08030ddc       0x2c stdio/printf.o
                0x08030ddc                sprintf
 .text.fputc    0x08030e08       0x40 stdio/printf.o
                0x08030e08                fputc
 .text.fputs    0x08030e48       0x48 stdio/printf.o
                0x08030e48                fputs
 .text.__libc_init_array
                0x08030e90       0x48 c:/ac6/systemworkbench/plugins/fr.ac6.mcu.externaltools.arm-none.win32_1.17.0.201812190825/tools/compiler/bin/../lib/gcc/arm-none-eabi/7.3.1/../../../../arm-none-eabi/lib/thumb/v7e-m/fpv4-sp/hard\libc_nano.a(lib_a-init.o)
                0x08030e90                __libc_init_array
 .text.memcmp   0x08030ed8       0x1e c:/ac6/systemworkbench/plugins/fr.ac6.mcu.externaltools.arm-none.win32_1.17.0.201812190825/tools/compiler/bin/../lib/gcc/arm-none-eabi/7.3.1/../../../../arm-none-eabi/lib/thumb/v7e-m/fpv4-sp/hard\libc_nano.a(lib_a-memcmp.o)
                0x08030ed8                memcmp
 .text.memset   0x08030ef6       0x10 c:/ac6/systemworkbench/plugins/fr.ac6.mcu.externaltools.arm-none.win32_1.17.0.201812190825/tools/compiler/bin/../lib/gcc/arm-none-eabi/7.3.1/../../../../arm-none-eabi/lib/thumb/v7e-m/fpv4-sp/hard\libc_nano.a(lib_a-memset.o)
                0x08030ef6                memset
 *fill*         0x08030f06        0x2 
 .text.cos      0x08030f08       0xb0 C:\Projects\mcHFx\firmware\mchf_dsp\libs\libm.a(lib_a-s_cos.o)
                0x08030f08                cos
 .text.pow10    0x08030fb8       0x18 C:\Projects\mcHFx\firmware\mchf_dsp\libs\libm.a(lib_a-s_pow10.o)
                0x08030fb8                pow10
 .text.sin      0x08030fd0       0xb8 C:\Projects\mcHFx\firmware\mchf_dsp\libs\libm.a(lib_a-s_sin.o)
                0x08030fd0                sin
 .text.ceilf    0x08031088       0x94 C:\Projects\mcHFx\firmware\mchf_dsp\libs\libm.a(lib_a-sf_ceil.o)
                0x08031088                ceilf
 .text.floorf   0x0803111c       0x9c C:\Projects\mcHFx\firmware\mchf_dsp\libs\libm.a(lib_a-sf_floor.o)
                0x0803111c                floorf
 .text.roundf   0x080311b8       0x5c C:\Projects\mcHFx\firmware\mchf_dsp\libs\libm.a(lib_a-sf_round.o)
                0x080311b8                roundf
 .text.truncf   0x08031214       0x34 C:\Projects\mcHFx\firmware\mchf_dsp\libs\libm.a(lib_a-sf_trunc.o)
                0x08031214                truncf
 .text.log10    0x08031248      0x10c C:\Projects\mcHFx\firmware\mchf_dsp\libs\libm.a(lib_a-w_log10.o)
                0x08031248                log10
 .text.pow      0x08031354      0x370 C:\Projects\mcHFx\firmware\mchf_dsp\libs\libm.a(lib_a-w_pow.o)
                0x08031354                pow
 .text.sqrt     0x080316c4       0xbc C:\Projects\mcHFx\firmware\mchf_dsp\libs\libm.a(lib_a-w_sqrt.o)
                0x080316c4                sqrt
 .text.log10f   0x08031780       0xf8 C:\Projects\mcHFx\firmware\mchf_dsp\libs\libm.a(lib_a-wf_log10.o)
                0x08031780                log10f
 .text.powf     0x08031878      0x39c C:\Projects\mcHFx\firmware\mchf_dsp\libs\libm.a(lib_a-wf_pow.o)
                0x08031878                powf
 .text.sqrtf    0x08031c14       0xb4 C:\Projects\mcHFx\firmware\mchf_dsp\libs\libm.a(lib_a-wf_sqrt.o)
                0x08031c14                sqrtf
 .text.__ieee754_log10
                0x08031cc8      0x138 C:\Projects\mcHFx\firmware\mchf_dsp\libs\libm.a(lib_a-e_log10.o)
                0x08031cc8                __ieee754_log10
 .text.__ieee754_pow
                0x08031e00      0xb90 C:\Projects\mcHFx\firmware\mchf_dsp\libs\libm.a(lib_a-e_pow.o)
                0x08031e00                __ieee754_pow
 .text.__ieee754_rem_pio2
                0x08032990      0x478 C:\Projects\mcHFx\firmware\mchf_dsp\libs\libm.a(lib_a-e_rem_pio2.o)
                0x08032990                __ieee754_rem_pio2
 .text.__ieee754_sqrt
                0x08032e08      0x1c4 C:\Projects\mcHFx\firmware\mchf_dsp\libs\libm.a(lib_a-e_sqrt.o)
                0x08032e08                __ieee754_sqrt
 .text.__ieee754_log10f
                0x08032fcc       0xbc C:\Projects\mcHFx\firmware\mchf_dsp\libs\libm.a(lib_a-ef_log10.o)
                0x08032fcc                __ieee754_log10f
 .text.__ieee754_powf
                0x08033088      0x600 C:\Projects\mcHFx\firmware\mchf_dsp\libs\libm.a(lib_a-ef_pow.o)
                0x08033088                __ieee754_powf
 .text.__ieee754_sqrtf
                0x08033688       0x9c C:\Projects\mcHFx\firmware\mchf_dsp\libs\libm.a(lib_a-ef_sqrt.o)
                0x08033688                __ieee754_sqrtf
 *fill*         0x08033724        0x4 
 .text.__kernel_cos
                0x08033728      0x270 C:\Projects\mcHFx\firmware\mchf_dsp\libs\libm.a(lib_a-k_cos.o)
                0x08033728                __kernel_cos
 .text.__kernel_rem_pio2
                0x08033998      0x808 C:\Projects\mcHFx\firmware\mchf_dsp\libs\libm.a(lib_a-k_rem_pio2.o)
                0x08033998                __kernel_rem_pio2
 .text.__kernel_sin
                0x080341a0      0x178 C:\Projects\mcHFx\firmware\mchf_dsp\libs\libm.a(lib_a-k_sin.o)
                0x080341a0                __kernel_sin
 .text.fabs     0x08034318       0x14 C:\Projects\mcHFx\firmware\mchf_dsp\libs\libm.a(lib_a-s_fabs.o)
                0x08034318                fabs
 .text.finite   0x0803432c       0x14 C:\Projects\mcHFx\firmware\mchf_dsp\libs\libm.a(lib_a-s_finite.o)
                0x0803432c                finite
 .text.floor    0x08034340      0x150 C:\Projects\mcHFx\firmware\mchf_dsp\libs\libm.a(lib_a-s_floor.o)
                0x08034340                floor
 .text.__fpclassifyd
                0x08034490       0x70 C:\Projects\mcHFx\firmware\mchf_dsp\libs\libm.a(lib_a-s_fpclassify.o)
                0x08034490                __fpclassifyd
 .text.matherr  0x08034500        0x4 C:\Projects\mcHFx\firmware\mchf_dsp\libs\libm.a(lib_a-s_matherr.o)
                0x08034500                matherr
 *fill*         0x08034504        0x4 
 .text.nan      0x08034508       0x10 C:\Projects\mcHFx\firmware\mchf_dsp\libs\libm.a(lib_a-s_nan.o)
                0x08034508                nan
 .text.rint     0x08034518      0x124 C:\Projects\mcHFx\firmware\mchf_dsp\libs\libm.a(lib_a-s_rint.o)
                0x08034518                rint
 *fill*         0x0803463c        0x4 
 .text.scalbn   0x08034640      0x120 C:\Projects\mcHFx\firmware\mchf_dsp\libs\libm.a(lib_a-s_scalbn.o)
                0x08034640                scalbn
 .text.fabsf    0x08034760       0x10 C:\Projects\mcHFx\firmware\mchf_dsp\libs\libm.a(lib_a-sf_fabs.o)
                0x08034760                fabsf
 .text.finitef  0x08034770       0x14 C:\Projects\mcHFx\firmware\mchf_dsp\libs\libm.a(lib_a-sf_finite.o)
                0x08034770                finitef
 .text.__fpclassifyf
                0x08034784       0x5c C:\Projects\mcHFx\firmware\mchf_dsp\libs\libm.a(lib_a-sf_fpclassify.o)
                0x08034784                __fpclassifyf
 .text.nanf     0x080347e0        0xc C:\Projects\mcHFx\firmware\mchf_dsp\libs\libm.a(lib_a-sf_nan.o)
                0x080347e0                nanf
 .text.scalbnf  0x080347ec       0xcc C:\Projects\mcHFx\firmware\mchf_dsp\libs\libm.a(lib_a-sf_scalbn.o)
                0x080347ec                scalbnf
 .text.__ieee754_log
                0x080348b8      0x428 C:\Projects\mcHFx\firmware\mchf_dsp\libs\libm.a(lib_a-e_log.o)
                0x080348b8                __ieee754_log
 .text.__ieee754_logf
                0x08034ce0      0x204 C:\Projects\mcHFx\firmware\mchf_dsp\libs\libm.a(lib_a-ef_log.o)
                0x08034ce0                __ieee754_logf
 .text.copysign
                0x08034ee4       0x24 C:\Projects\mcHFx\firmware\mchf_dsp\libs\libm.a(lib_a-s_copysign.o)
                0x08034ee4                copysign
 .text.copysignf
                0x08034f08       0x18 C:\Projects\mcHFx\firmware\mchf_dsp\libs\libm.a(lib_a-sf_copysign.o)
                0x08034f08                copysignf
 .text.arm_fill_q15
                0x08034f20       0xe4 C:\Projects\mcHFx\firmware\mchf_dsp\libs\libarm_cortexM4lf_math.a(arm_fill_q15.o)
                0x08034f20                arm_fill_q15
 .text.arm_fill_f32
                0x08035004      0x108 C:\Projects\mcHFx\firmware\mchf_dsp\libs\libarm_cortexM4lf_math.a(arm_fill_f32.o)
                0x08035004                arm_fill_f32
 .text.arm_copy_q15
                0x0803510c      0x21c C:\Projects\mcHFx\firmware\mchf_dsp\libs\libarm_cortexM4lf_math.a(arm_copy_q15.o)
                0x0803510c                arm_copy_q15
 .text.arm_copy_f32
                0x08035328      0x158 C:\Projects\mcHFx\firmware\mchf_dsp\libs\libarm_cortexM4lf_math.a(arm_copy_f32.o)
                0x08035328                arm_copy_f32
 .text.arm_min_q15
                0x08035480       0xe4 C:\Projects\mcHFx\firmware\mchf_dsp\libs\libarm_cortexM4lf_math.a(arm_min_q15.o)
                0x08035480                arm_min_q15
 .text.arm_min_f32
                0x08035564      0x15c C:\Projects\mcHFx\firmware\mchf_dsp\libs\libarm_cortexM4lf_math.a(arm_min_f32.o)
                0x08035564                arm_min_f32
 .text.arm_mean_q15
                0x080356c0      0x194 C:\Projects\mcHFx\firmware\mchf_dsp\libs\libarm_cortexM4lf_math.a(arm_mean_q15.o)
                0x080356c0                arm_mean_q15
 .text.arm_mean_f32
                0x08035854      0x1c8 C:\Projects\mcHFx\firmware\mchf_dsp\libs\libarm_cortexM4lf_math.a(arm_mean_f32.o)
                0x08035854                arm_mean_f32
 .text.arm_max_q15
                0x08035a1c       0xe4 C:\Projects\mcHFx\firmware\mchf_dsp\libs\libarm_cortexM4lf_math.a(arm_max_q15.o)
                0x08035a1c                arm_max_q15
 .text.arm_max_f32
                0x08035b00      0x15c C:\Projects\mcHFx\firmware\mchf_dsp\libs\libarm_cortexM4lf_math.a(arm_max_f32.o)
                0x08035b00                arm_max_f32
 .text.arm_rfft_init_f32
                0x08035c5c       0x78 C:\Projects\mcHFx\firmware\mchf_dsp\libs\libarm_cortexM4lf_math.a(arm_rfft_init_f32.o)
                0x08035c5c                arm_rfft_init_f32
 .text.arm_split_rfft_f32
                0x08035cd4      0x218 C:\Projects\mcHFx\firmware\mchf_dsp\libs\libarm_cortexM4lf_math.a(arm_rfft_f32.o)
                0x08035cd4                arm_split_rfft_f32
 .text.arm_split_rifft_f32
                0x08035eec      0x160 C:\Projects\mcHFx\firmware\mchf_dsp\libs\libarm_cortexM4lf_math.a(arm_rfft_f32.o)
                0x08035eec                arm_split_rifft_f32
 .text.arm_rfft_f32
                0x0803604c       0x88 C:\Projects\mcHFx\firmware\mchf_dsp\libs\libarm_cortexM4lf_math.a(arm_rfft_f32.o)
                0x0803604c                arm_rfft_f32
 .text.arm_cfft_radix4_init_f32
                0x080360d4       0x94 C:\Projects\mcHFx\firmware\mchf_dsp\libs\libarm_cortexM4lf_math.a(arm_cfft_radix4_init_f32.o)
                0x080360d4                arm_cfft_radix4_init_f32
 .text.arm_radix4_butterfly_f32
                0x08036168      0x3b0 C:\Projects\mcHFx\firmware\mchf_dsp\libs\libarm_cortexM4lf_math.a(arm_cfft_radix4_f32.o)
                0x08036168                arm_radix4_butterfly_f32
 .text.arm_radix4_butterfly_inverse_f32
                0x08036518      0x3d0 C:\Projects\mcHFx\firmware\mchf_dsp\libs\libarm_cortexM4lf_math.a(arm_cfft_radix4_f32.o)
                0x08036518                arm_radix4_butterfly_inverse_f32
 .text.arm_bitreversal_f32
                0x080368e8       0xfc C:\Projects\mcHFx\firmware\mchf_dsp\libs\libarm_cortexM4lf_math.a(arm_cfft_radix4_f32.o)
                0x080368e8                arm_bitreversal_f32
 .text.arm_lms_norm_init_f32
                0x080369e4       0x38 C:\Projects\mcHFx\firmware\mchf_dsp\libs\libarm_cortexM4lf_math.a(arm_lms_norm_init_f32.o)
                0x080369e4                arm_lms_norm_init_f32
 .text.arm_lms_norm_f32
                0x08036a1c      0x620 C:\Projects\mcHFx\firmware\mchf_dsp\libs\libarm_cortexM4lf_math.a(arm_lms_norm_f32.o)
                0x08036a1c                arm_lms_norm_f32
 .text.arm_iir_lattice_f32
                0x0803703c      0x3e0 C:\Projects\mcHFx\firmware\mchf_dsp\libs\libarm_cortexM4lf_math.a(arm_iir_lattice_f32.o)
                0x0803703c                arm_iir_lattice_f32
 .text.arm_fir_interpolate_f32
                0x0803741c      0x44c C:\Projects\mcHFx\firmware\mchf_dsp\libs\libarm_cortexM4lf_math.a(arm_fir_interpolate_f32.o)
                0x0803741c                arm_fir_interpolate_f32
 .text.arm_fir_init_f32
                0x08037868       0x24 C:\Projects\mcHFx\firmware\mchf_dsp\libs\libarm_cortexM4lf_math.a(arm_fir_init_f32.o)
                0x08037868                arm_fir_init_f32
 .text.arm_fir_f32
                0x0803788c      0x498 C:\Projects\mcHFx\firmware\mchf_dsp\libs\libarm_cortexM4lf_math.a(arm_fir_f32.o)
                0x0803788c                arm_fir_f32
 .text.arm_fir_decimate_f32
                0x08037d24      0x3e0 C:\Projects\mcHFx\firmware\mchf_dsp\libs\libarm_cortexM4lf_math.a(arm_fir_decimate_f32.o)
                0x08037d24                arm_fir_decimate_f32
 .text.arm_cmplx_mag_f32
                0x08038104      0x3b8 C:\Projects\mcHFx\firmware\mchf_dsp\libs\libarm_cortexM4lf_math.a(arm_cmplx_mag_f32.o)
                0x08038104                arm_cmplx_mag_f32
 .text.arm_sin_f32
                0x080384bc       0xd0 C:\Projects\mcHFx\firmware\mchf_dsp\libs\libarm_cortexM4lf_math.a(arm_sin_f32.o)
                0x080384bc                arm_sin_f32
 .text.arm_cos_f32
                0x0803858c       0xd0 C:\Projects\mcHFx\firmware\mchf_dsp\libs\libarm_cortexM4lf_math.a(arm_cos_f32.o)
                0x0803858c                arm_cos_f32
 .text.arm_sub_f32
                0x0803865c      0x214 C:\Projects\mcHFx\firmware\mchf_dsp\libs\libarm_cortexM4lf_math.a(arm_sub_f32.o)
                0x0803865c                arm_sub_f32
 .text.arm_scale_f32
                0x08038870      0x274 C:\Projects\mcHFx\firmware\mchf_dsp\libs\libarm_cortexM4lf_math.a(arm_scale_f32.o)
                0x08038870                arm_scale_f32
 .text.arm_offset_f32
                0x08038ae4      0x274 C:\Projects\mcHFx\firmware\mchf_dsp\libs\libarm_cortexM4lf_math.a(arm_offset_f32.o)
                0x08038ae4                arm_offset_f32
 .text.arm_negate_f32
                0x08038d58      0x268 C:\Projects\mcHFx\firmware\mchf_dsp\libs\libarm_cortexM4lf_math.a(arm_negate_f32.o)
                0x08038d58                arm_negate_f32
 .text.arm_mult_f32
                0x08038fc0      0x214 C:\Projects\mcHFx\firmware\mchf_dsp\libs\libarm_cortexM4lf_math.a(arm_mult_f32.o)
                0x08038fc0                arm_mult_f32
 .text.arm_add_f32
                0x080391d4      0x214 C:\Projects\mcHFx\firmware\mchf_dsp\libs\libarm_cortexM4lf_math.a(arm_add_f32.o)
                0x080391d4                arm_add_f32
 .text.__errno  0x080393e8        0xc c:/ac6/systemworkbench/plugins/fr.ac6.mcu.externaltools.arm-none.win32_1.17.0.201812190825/tools/compiler/bin/../lib/gcc/arm-none-eabi/7.3.1/../../../../arm-none-eabi/lib/thumb/v7e-m/fpv4-sp/hard\libc_nano.a(lib_a-errno.o)
                0x080393e8                __errno
 *(.glue_7)
 .glue_7        0x080393f4        0x0 linker stubs
 *(.glue_7t)
 .glue_7t       0x080393f4        0x0 linker stubs
 *(.eh_frame)
 .eh_frame      0x080393f4        0x0 c:/ac6/systemworkbench/plugins/fr.ac6.mcu.externaltools.arm-none.win32_1.17.0.201812190825/tools/compiler/bin/../lib/gcc/arm-none-eabi/7.3.1/thumb/v7e-m/fpv4-sp/hard/crtbegin.o
 *(.init)
 .init          0x080393f4        0x4 c:/ac6/systemworkbench/plugins/fr.ac6.mcu.externaltools.arm-none.win32_1.17.0.201812190825/tools/compiler/bin/../lib/gcc/arm-none-eabi/7.3.1/thumb/v7e-m/fpv4-sp/hard/crti.o
                0x080393f4                _init
 .init          0x080393f8        0x8 c:/ac6/systemworkbench/plugins/fr.ac6.mcu.externaltools.arm-none.win32_1.17.0.201812190825/tools/compiler/bin/../lib/gcc/arm-none-eabi/7.3.1/thumb/v7e-m/fpv4-sp/hard/crtn.o
 *(.fini)
 .fini          0x08039400        0x4 c:/ac6/systemworkbench/plugins/fr.ac6.mcu.externaltools.arm-none.win32_1.17.0.201812190825/tools/compiler/bin/../lib/gcc/arm-none-eabi/7.3.1/thumb/v7e-m/fpv4-sp/hard/crti.o
                0x08039400                _fini
 .fini          0x08039404        0x8 c:/ac6/systemworkbench/plugins/fr.ac6.mcu.externaltools.arm-none.win32_1.17.0.201812190825/tools/compiler/bin/../lib/gcc/arm-none-eabi/7.3.1/thumb/v7e-m/fpv4-sp/hard/crtn.o
                0x0803940c                . = ALIGN (0x4)
                0x0803940c                _etext = .

.vfp11_veneer   0x0803940c        0x0
 .vfp11_veneer  0x0803940c        0x0 linker stubs

.v4_bx          0x0803940c        0x0
 .v4_bx         0x0803940c        0x0 linker stubs

.iplt           0x0803940c        0x0
 .iplt          0x0803940c        0x0 c:/ac6/systemworkbench/plugins/fr.ac6.mcu.externaltools.arm-none.win32_1.17.0.201812190825/tools/compiler/bin/../lib/gcc/arm-none-eabi/7.3.1/thumb/v7e-m/fpv4-sp/hard/crtbegin.o

.rodata         0x08039410    0x10550
                0x08039410                . = ALIGN (0x4)
 *(.rodata)
 .rodata        0x08039410       0x10 cmsis_lib/source/stm32f4xx_rcc.o
                0x08039410                APBAHBPrescTable
 .rodata        0x08039420      0x988 drivers/audio/audio_driver.o
                0x08039420                IIR_300hz_numStages
                0x08039424                IIR_300hz_750_pkCoeffs
                0x0803944c                IIR_300hz_750_pvCoeffs
                0x08039478                IIR_300hz_800_pkCoeffs
                0x080394a0                IIR_300hz_800_pvCoeffs
                0x080394cc                IIR_300hz_850_pkCoeffs
                0x080394f4                IIR_300hz_850_pvCoeffs
                0x08039520                IIR_300hz_900_pkCoeffs
                0x08039548                IIR_300hz_900_pvCoeffs
                0x08039574                IIR_300hz_950_pkCoeffs
                0x0803959c                IIR_300hz_950_pvCoeffs
                0x080395c8                IIR_300hz_700_pkCoeffs
                0x080395f0                IIR_300hz_700_pvCoeffs
                0x0803961c                IIR_300hz_650_pkCoeffs
                0x08039644                IIR_300hz_650_pvCoeffs
                0x08039670                IIR_300hz_600_pkCoeffs
                0x08039698                IIR_300hz_600_pvCoeffs
                0x080396c4                IIR_300hz_550_pkCoeffs
                0x080396ec                IIR_300hz_550_pvCoeffs
                0x08039718                IIR_300hz_500_pkCoeffs
                0x08039740                IIR_300hz_500_pvCoeffs
                0x0803976c                IIR_500hz_numStages
                0x08039770                IIR_500hz_750_pkCoeffs
                0x08039798                IIR_500hz_750_pvCoeffs
                0x080397c4                IIR_500hz_850_pkCoeffs
                0x080397ec                IIR_500hz_850_pvCoeffs
                0x08039818                IIR_500hz_950_pkCoeffs
                0x08039840                IIR_500hz_950_pvCoeffs
                0x0803986c                IIR_500hz_650_pkCoeffs
                0x08039894                IIR_500hz_650_pvCoeffs
                0x080398c0                IIR_500hz_550_pkCoeffs
                0x080398e8                IIR_500hz_550_pvCoeffs
                0x08039914                IIR_1k8_numStages
                0x08039918                IIR_1k8_1k425_pkCoeffs
                0x08039940                IIR_1k8_1k425_pvCoeffs
                0x0803996c                IIR_1k8_1k275_pkCoeffs
                0x08039994                IIR_1k8_1k275_pvCoeffs
                0x080399c0                IIR_1k8_1k125_pkCoeffs
                0x080399e8                IIR_1k8_1k125_pvCoeffs
                0x08039a14                IIR_1k8_1k575_pkCoeffs
                0x08039a3c                IIR_1k8_1k575_pvCoeffs
                0x08039a68                IIR_1k8_1k725_pkCoeffs
                0x08039a90                IIR_1k8_1k725_pvCoeffs
                0x08039abc                IIR_2k3_numStages
                0x08039ac0                IIR_2k3_1k412_pkCoeffs
                0x08039ae8                IIR_2k3_1k412_pvCoeffs
                0x08039b14                IIR_2k3_1k275_pkCoeffs
                0x08039b3c                IIR_2k3_1k275_pvCoeffs
                0x08039b68                IIR_2k3_1k562_pkCoeffs
                0x08039b90                IIR_2k3_1k562_pvCoeffs
                0x08039bbc                IIR_2k3_1k712_pkCoeffs
                0x08039be4                IIR_2k3_1k712_pvCoeffs
                0x08039c10                IIR_3k6_numStages
                0x08039c14                IIR_3k6_pkCoeffs
                0x08039c3c                IIR_3k6_pvCoeffs
                0x08039c68                IIR_10k_numStages
                0x08039c6c                IIR_10k_pkCoeffs
                0x08039c8c                IIR_10k_pvCoeffs
                0x08039cb0                IIR_TX_2k7_numStages
                0x08039cb4                IIR_TX_2k7_pkCoeffs
                0x08039cdc                IIR_TX_2k7_pvCoeffs
                0x08039d08                FirRxDecimate
                0x08039d18                FirRxDecimateMinLPF
                0x08039d28                FirRxInterpolate
                0x08039d68                FirRxInterpolate10KHZ
 .rodata        0x08039da8       0x80 drivers/audio/cw/cw_gen.o
                0x08039da8                sm_table
 .rodata        0x08039e28      0x800 drivers/audio/softdds/softdds.o
                0x08039e28                DDS_TABLE
 .rodata        0x0803a628     0x3ef8 drivers/ui/lcd/ui_lcd_hy28_fonts.o
                0x0803a628                GL_ASCII16x24_Table
                0x0803b7f8                GL_ASCII12x12_Table
                0x0803c0f8                GL_ASCII8x12_Table
                0x0803c9f8                GL_ASCII8x12_bold_Table
                0x0803def8                GL_ASCII8x8_Table
                0x0803e4f8                GL_Font16x24
                0x0803e500                GL_Font12x12
                0x0803e508                GL_Font8x12
                0x0803e510                GL_Font8x12_bold
                0x0803e518                GL_Font8x8
 .rodata        0x0803e520       0x4c drivers/ui/oscillator/ui_si570.o
                0x0803e520                hs_div
                0x0803e528                fdco_max
                0x0803e52c                fdco_min
 .rodata        0x0803e56c     0x31f2 drivers/ui/ui_driver.o
                0x0803e56c                waterfall_grey
                0x0803e5f0                waterfall_cold_hot
                0x0803e674                old_waterfall_cold_hot
                0x0803e6f8                waterfall_rainbow
                0x0803e77c                old_waterfall_rainbow
                0x0803e800                q_rx_10k_coeffs
                0x0803e964                q_rx_10k_coeffs_minus
                0x0803eac8                q_rx_10k_coeffs_plus
                0x0803ec2c                i_rx_10k_coeffs
                0x0803ed90                q_rx_7k5_coeffs
                0x0803eef4                q_rx_7k5_coeffs_minus
                0x0803f058                q_rx_7k5_coeffs_plus
                0x0803f1bc                i_rx_7k5_coeffs
                0x0803f320                q_rx_6k_coeffs
                0x0803f484                q_rx_6k_coeffs_minus
                0x0803f5e8                q_rx_6k_coeffs_plus
                0x0803f74c                i_rx_6k_coeffs
                0x0803f8b0                q_rx_5k_coeffs
                0x0803fa14                q_rx_5k_coeffs_minus
                0x0803fb78                q_rx_5k_coeffs_plus
                0x0803fcdc                i_rx_5k_coeffs
                0x0803fe40                q_rx_3k6_coeffs
                0x0803ffa4                q_rx_3k6_coeffs_minus
                0x08040108                q_rx_3k6_coeffs_plus
                0x0804026c                i_rx_3k6_coeffs
                0x080403d0                q_tx_coeffs
                0x08040534                q_tx_coeffs_minus
                0x08040698                q_tx_coeffs_plus
                0x080407fc                i_tx_coeffs
                0x08040960                iq_rx_am_10k_coeffs
                0x08040ac4                iq_rx_am_7k5_coeffs
                0x08040c28                iq_rx_am_6k_coeffs
                0x08040d8c                iq_rx_am_5k_coeffs
                0x08040ef0                iq_rx_am_3k6_coeffs
                0x08041054                iq_rx_am_2k3_coeffs
                0x080411b8                tune_steps
                0x080411d8                tune_bands
                0x080411fc                size_bands
                0x08041220                bm
                0x080412a0                S_Meter_Cal
 *fill*         0x0804175e        0x2 
 .rodata        0x08041760      0xe83 drivers/ui/ui_menu.o
 *fill*         0x080425e3        0x1 
 .rodata        0x080425e4       0xa8 hardware/mchf_board.o
 .rodata        0x0804268c      0x4ba startup/main.o
                0x0804268c                VirtAddVarTab
 *fill*         0x08042b46        0x2 
 .rodata        0x08042b48       0x24 stdio/printf.o
 .rodata        0x08042b6c     0x4000 C:\Projects\mcHFx\firmware\mchf_dsp\libs\libarm_cortexM4lf_math.a(arm_rfft_init_f32.o)
 .rodata        0x08046b6c     0x2000 C:\Projects\mcHFx\firmware\mchf_dsp\libs\libarm_cortexM4lf_math.a(arm_cfft_radix4_init_f32.o)
 .rodata        0x08048b6c      0x40c C:\Projects\mcHFx\firmware\mchf_dsp\libs\libarm_cortexM4lf_math.a(arm_sin_f32.o)
 .rodata        0x08048f78      0x40c C:\Projects\mcHFx\firmware\mchf_dsp\libs\libarm_cortexM4lf_math.a(arm_cos_f32.o)
 .rodata        0x08049384      0x380 C:\Projects\mcHFx\firmware\mchf_dsp\libs\libarm_cortexM4lf_math.a(arm_common_tables.o)
                0x08049384                armRecipTableQ31
                0x08049484                armRecipTableQ15
                0x08049504                armBitRevTable
 *(.rodata*)
 .rodata.str1.4
                0x08049704        0x6 C:\Projects\mcHFx\firmware\mchf_dsp\libs\libm.a(lib_a-w_log10.o)
                                  0xc (size before relaxing)
 *fill*         0x0804970a        0x2 
 .rodata.str1.4
                0x0804970c        0x4 C:\Projects\mcHFx\firmware\mchf_dsp\libs\libm.a(lib_a-w_pow.o)
 .rodata.str1.4
                0x08049710        0x5 C:\Projects\mcHFx\firmware\mchf_dsp\libs\libm.a(lib_a-w_sqrt.o)
                                  0x8 (size before relaxing)
 *fill*         0x08049715        0x3 
 .rodata.str1.4
                0x08049718        0x7 C:\Projects\mcHFx\firmware\mchf_dsp\libs\libm.a(lib_a-wf_log10.o)
                                  0xc (size before relaxing)
 *fill*         0x0804971f        0x1 
 .rodata.str1.4
                0x08049720        0x5 C:\Projects\mcHFx\firmware\mchf_dsp\libs\libm.a(lib_a-wf_pow.o)
                                  0x8 (size before relaxing)
 *fill*         0x08049725        0x3 
 .rodata.str1.4
                0x08049728        0x8 C:\Projects\mcHFx\firmware\mchf_dsp\libs\libm.a(lib_a-wf_sqrt.o)
 .rodata.dp_h   0x08049730       0x10 C:\Projects\mcHFx\firmware\mchf_dsp\libs\libm.a(lib_a-e_pow.o)
 .rodata.dp_l   0x08049740       0x10 C:\Projects\mcHFx\firmware\mchf_dsp\libs\libm.a(lib_a-e_pow.o)
 .rodata.bp     0x08049750       0x10 C:\Projects\mcHFx\firmware\mchf_dsp\libs\libm.a(lib_a-e_pow.o)
 .rodata.str1.4
                0x08049760        0x4 C:\Projects\mcHFx\firmware\mchf_dsp\libs\libm.a(lib_a-e_pow.o)
 .rodata.npio2_hw
                0x08049760       0x80 C:\Projects\mcHFx\firmware\mchf_dsp\libs\libm.a(lib_a-e_rem_pio2.o)
 .rodata.two_over_pi
                0x080497e0      0x108 C:\Projects\mcHFx\firmware\mchf_dsp\libs\libm.a(lib_a-e_rem_pio2.o)
 .rodata.dp_h   0x080498e8        0x8 C:\Projects\mcHFx\firmware\mchf_dsp\libs\libm.a(lib_a-ef_pow.o)
 .rodata.dp_l   0x080498f0        0x8 C:\Projects\mcHFx\firmware\mchf_dsp\libs\libm.a(lib_a-ef_pow.o)
 .rodata.bp     0x080498f8        0x8 C:\Projects\mcHFx\firmware\mchf_dsp\libs\libm.a(lib_a-ef_pow.o)
 .rodata.str1.4
                0x08049900        0x4 C:\Projects\mcHFx\firmware\mchf_dsp\libs\libm.a(lib_a-ef_pow.o)
 .rodata.init_jk
                0x08049900       0x10 C:\Projects\mcHFx\firmware\mchf_dsp\libs\libm.a(lib_a-k_rem_pio2.o)
 .rodata.PIo2   0x08049910       0x40 C:\Projects\mcHFx\firmware\mchf_dsp\libs\libm.a(lib_a-k_rem_pio2.o)
 .rodata.TWO52  0x08049950       0x10 C:\Projects\mcHFx\firmware\mchf_dsp\libs\libm.a(lib_a-s_rint.o)
                0x08049960                . = ALIGN (0x4)

.rel.dyn        0x08049960        0x0
 .rel.iplt      0x08049960        0x0 c:/ac6/systemworkbench/plugins/fr.ac6.mcu.externaltools.arm-none.win32_1.17.0.201812190825/tools/compiler/bin/../lib/gcc/arm-none-eabi/7.3.1/thumb/v7e-m/fpv4-sp/hard/crtbegin.o

.ARM.extab
 *(.ARM.extab* .gnu.linkonce.armextab.*)

.ARM            0x08049960        0x0
                0x08049960                __exidx_start = .
 *(.ARM.exidx*)
                0x08049960                __exidx_end = .

.preinit_array  0x08049960        0x0
                0x08049960                PROVIDE (__preinit_array_start = .)
 *(.preinit_array*)
                0x08049960                PROVIDE (__preinit_array_end = .)

.init_array     0x08049960        0x4
                0x08049960                PROVIDE (__init_array_start = .)
 *(SORT_BY_NAME(.init_array.*))
 *(.init_array*)
 .init_array    0x08049960        0x4 c:/ac6/systemworkbench/plugins/fr.ac6.mcu.externaltools.arm-none.win32_1.17.0.201812190825/tools/compiler/bin/../lib/gcc/arm-none-eabi/7.3.1/thumb/v7e-m/fpv4-sp/hard/crtbegin.o
                0x08049964                PROVIDE (__init_array_end = .)

.fini_array     0x08049964        0x4
                [!provide]                PROVIDE (__fini_array_start = .)
 *(SORT_BY_NAME(.fini_array.*))
 *(.fini_array*)
 .fini_array    0x08049964        0x4 c:/ac6/systemworkbench/plugins/fr.ac6.mcu.externaltools.arm-none.win32_1.17.0.201812190825/tools/compiler/bin/../lib/gcc/arm-none-eabi/7.3.1/thumb/v7e-m/fpv4-sp/hard/crtbegin.o
                [!provide]                PROVIDE (__fini_array_end = .)
                0x08049968                _sidata = LOADADDR (.data)

.data           0x20000000      0x17c load address 0x08049968
                0x20000000                . = ALIGN (0x4)
                0x20000000                _sdata = .
 *(.data)
 .data          0x20000000        0x1 drivers/api/api_dsp.o
                0x20000000                api_broadcast_on
 .data          0x20000001        0x1 drivers/audio/audio_driver.o
 *fill*         0x20000002        0x2 
 .data          0x20000004       0xe5 drivers/ui/ui_driver.o
                0x20000004                tcxo_table_20m
 *fill*         0x200000e9        0x3 
 .data          0x200000ec       0x20 drivers/ui/ui_menu.o
 .data          0x2000010c        0x4 hardware/mchf_hw_i2c.o
                0x2000010c                I2C1_Timeout
 .data          0x20000110        0x4 hardware/mchf_hw_i2c2.o
                0x20000110                I2C2_Timeout
 *(.data*)
 .data._impure_ptr
                0x20000114        0x4 c:/ac6/systemworkbench/plugins/fr.ac6.mcu.externaltools.arm-none.win32_1.17.0.201812190825/tools/compiler/bin/../lib/gcc/arm-none-eabi/7.3.1/../../../../arm-none-eabi/lib/thumb/v7e-m/fpv4-sp/hard\libc_nano.a(lib_a-impure.o)
                0x20000114                _impure_ptr
 .data.impure_data
                0x20000118       0x60 c:/ac6/systemworkbench/plugins/fr.ac6.mcu.externaltools.arm-none.win32_1.17.0.201812190825/tools/compiler/bin/../lib/gcc/arm-none-eabi/7.3.1/../../../../arm-none-eabi/lib/thumb/v7e-m/fpv4-sp/hard\libc_nano.a(lib_a-impure.o)
 .data.__fdlib_version
                0x20000178        0x1 C:\Projects\mcHFx\firmware\mchf_dsp\libs\libm.a(lib_a-s_lib_ver.o)
                0x20000178                __fdlib_version
                0x2000017c                . = ALIGN (0x4)
 *fill*         0x20000179        0x3 
                0x2000017c                _edata = .

.igot.plt       0x2000017c        0x0 load address 0x08049ae4
 .igot.plt      0x2000017c        0x0 c:/ac6/systemworkbench/plugins/fr.ac6.mcu.externaltools.arm-none.win32_1.17.0.201812190825/tools/compiler/bin/../lib/gcc/arm-none-eabi/7.3.1/thumb/v7e-m/fpv4-sp/hard/crtbegin.o
                0x2000017c                . = ALIGN (0x4)

.bss            0x20000180    0x16898 load address 0x08049ae4
                0x20000180                _sbss = .
                0x20000180                __bss_start__ = _sbss
 *(.bss)
 .bss           0x20000180       0x1c c:/ac6/systemworkbench/plugins/fr.ac6.mcu.externaltools.arm-none.win32_1.17.0.201812190825/tools/compiler/bin/../lib/gcc/arm-none-eabi/7.3.1/thumb/v7e-m/fpv4-sp/hard/crtbegin.o
 .bss           0x2000019c        0x8 drivers/api/api_dsp.o
                0x2000019c                pub_v
                0x2000019d                led_s
                0x200001a0                pro_s
 .bss           0x200001a4     0x3c46 drivers/audio/audio_driver.o
                0x20003d28                loc_nco_freq
 *fill*         0x20003dea        0x2 
 .bss           0x20003dec       0x90 drivers/audio/codec/i2s.o
 .bss           0x20003e7c      0xa40 drivers/ui/ui_driver.o
                0x20004070                unmute_delay
                0x20004074                drv_state
                0x20004075                drv_init
                0x20004878                ptt_break
 .bss           0x200048bc        0x1 drivers/ui/ui_menu.o
 *(.bss*)
 *(COMMON)
 *fill*         0x200048bd        0x3 
 COMMON         0x200048c0      0x13c drivers/api/api_dsp.o
                0x200048c0                as
 COMMON         0x200049fc    0x11408 drivers/audio/audio_driver.o
                0x200049fc                lms1StateF32
                0x20004dfc                lms2StateF32
                0x200051fc                lms1_instance
                0x2000520c                errsig2
                0x20005334                lms2_nr_delay
                0x20005b74                rx_buffer
                0x20005c78                interpState
                0x20005d3c                tx_buffer
                0x20005e40                errsig1
                0x20005f68                FIR_Q
                0x20005f74                df
                0x20005fb8                iir_tx_state
                0x2000607c                lms1NormCoeff_f32
                0x2000647c                lms2NormCoeff_f32
                0x2000687c                FIR_Q_TX
                0x20006888                sd
                0x20014178                result
                0x200142a0                agc_delay
                0x200147e0                lms1Norm_instance
                0x200147f8                FIR_I_TX
                0x20014804                FIR_I
                0x20014810                decimState
                0x200148d4                sm
                0x200148e8                IIR_TXFilter
                0x200148f8                lms1_nr_delay
                0x20015138                lms2Norm_instance
                0x20015150                ads
                0x20015df4                lms2_instance
 COMMON         0x20015e04       0x18 drivers/audio/cw/cw_gen.o
                0x20015e04                ps
 COMMON         0x20015e1c        0x4 drivers/audio/softdds/softdds.o
                0x20015e1c                step
 COMMON         0x20015e20      0x1b0 drivers/ui/lcd/ui_lcd_hy28.o
                0x20015e20                ts
 COMMON         0x20015fd0       0x20 drivers/ui/oscillator/ui_si570.o
                0x20015fd0                os
 COMMON         0x20015ff0      0x208 drivers/ui/ui_driver.o
                0x20015ff0                band_decod_mode
                0x20016018                ks
                0x2001603c                pwmt
                0x2001604c                band_filter_mode
                0x20016074                band_dial_value
                0x2001609c                es
                0x200160a0                band_decod_mode_a
                0x200160c8                band_decod_mode_b
                0x200160f0                lo
                0x20016100                ets
                0x2001610c                band_dial_value_b
                0x20016134                band_filter_mode_a
                0x2001615c                swrm
                0x20016190                band_dial_value_a
                0x200161b8                ews
                0x200161c4                eos
                0x200161d0                band_filter_mode_b
 COMMON         0x200161f8      0x820 hardware/mchf_board.o
                0x200161f8                fc
                0x20016a18                . = ALIGN (0x4)
                0x20016a18                _ebss = .
                0x20016a18                __bss_end__ = _ebss

._user_heap_stack
                0x20016a18      0x500 load address 0x08049ae4
                0x20016a18                . = ALIGN (0x8)
                [!provide]                PROVIDE (end = .)
                [!provide]                PROVIDE (_end = .)
                0x20016b18                . = (. + _Min_Heap_Size)
 *fill*         0x20016a18      0x100 
                0x20016f18                . = (. + _Min_Stack_Size)
 *fill*         0x20016b18      0x400 
                0x20016f18                . = ALIGN (0x8)

/DISCARD/
 libc.a(*)
 libm.a(*)
 libgcc.a(*)

.ARM.attributes
                0x00000000       0x30
 *(.ARM.attributes)
 .ARM.attributes
                0x00000000       0x22 c:/ac6/systemworkbench/plugins/fr.ac6.mcu.externaltools.arm-none.win32_1.17.0.201812190825/tools/compiler/bin/../lib/gcc/arm-none-eabi/7.3.1/thumb/v7e-m/fpv4-sp/hard/crti.o
 .ARM.attributes
                0x00000022       0x34 c:/ac6/systemworkbench/plugins/fr.ac6.mcu.externaltools.arm-none.win32_1.17.0.201812190825/tools/compiler/bin/../lib/gcc/arm-none-eabi/7.3.1/thumb/v7e-m/fpv4-sp/hard/crtbegin.o
 .ARM.attributes
                0x00000056       0x39 cmsis_boot/system_stm32f4xx.o
 .ARM.attributes
                0x0000008f       0x39 cmsis_lib/source/misc.o
 .ARM.attributes
                0x000000c8       0x39 cmsis_lib/source/stm32f4xx_adc.o
 .ARM.attributes
                0x00000101       0x39 cmsis_lib/source/stm32f4xx_dac.o
 .ARM.attributes
                0x0000013a       0x39 cmsis_lib/source/stm32f4xx_dma.o
 .ARM.attributes
                0x00000173       0x39 cmsis_lib/source/stm32f4xx_exti.o
 .ARM.attributes
                0x000001ac       0x39 cmsis_lib/source/stm32f4xx_gpio.o
 .ARM.attributes
                0x000001e5       0x39 cmsis_lib/source/stm32f4xx_i2c.o
 .ARM.attributes
                0x0000021e       0x39 cmsis_lib/source/stm32f4xx_rcc.o
 .ARM.attributes
                0x00000257       0x39 cmsis_lib/source/stm32f4xx_spi.o
 .ARM.attributes
                0x00000290       0x39 cmsis_lib/source/stm32f4xx_syscfg.o
 .ARM.attributes
                0x000002c9       0x39 cmsis_lib/source/stm32f4xx_tim.o
 .ARM.attributes
                0x00000302       0x39 drivers/api/api_dsp.o
 .ARM.attributes
                0x0000033b       0x39 drivers/audio/audio_driver.o
 .ARM.attributes
                0x00000374       0x39 drivers/audio/codec/codec.o
 .ARM.attributes
                0x000003ad       0x39 drivers/audio/codec/i2s.o
 .ARM.attributes
                0x000003e6       0x39 drivers/audio/cw/cw_gen.o
 .ARM.attributes
                0x0000041f       0x39 drivers/audio/softdds/softdds.o
 .ARM.attributes
                0x00000458       0x39 drivers/ui/lcd/ui_lcd_hy28.o
 .ARM.attributes
                0x00000491       0x39 drivers/ui/lcd/ui_lcd_hy28_fonts.o
 .ARM.attributes
                0x000004ca       0x39 drivers/ui/oscillator/ui_si570.o
 .ARM.attributes
                0x00000503       0x39 drivers/ui/ui_driver.o
 .ARM.attributes
                0x0000053c       0x39 drivers/ui/ui_menu.o
 .ARM.attributes
                0x00000575       0x21 hardware/get_pcb_rev.o
 .ARM.attributes
                0x00000596       0x39 hardware/mchf_board.o
 .ARM.attributes
                0x000005cf       0x39 hardware/mchf_hw_i2c.o
 .ARM.attributes
                0x00000608       0x39 hardware/mchf_hw_i2c2.o
 .ARM.attributes
                0x00000641       0x39 misc/v_eeprom/eeprom.o
 .ARM.attributes
                0x0000067a       0x39 startup/main.o
 .ARM.attributes
                0x000006b3       0x21 startup/startup_stm32f429xx.o
 .ARM.attributes
                0x000006d4       0x39 stdio/printf.o
 .ARM.attributes
                0x0000070d       0x34 c:/ac6/systemworkbench/plugins/fr.ac6.mcu.externaltools.arm-none.win32_1.17.0.201812190825/tools/compiler/bin/../lib/gcc/arm-none-eabi/7.3.1/../../../../arm-none-eabi/lib/thumb/v7e-m/fpv4-sp/hard\libc_nano.a(lib_a-impure.o)
 .ARM.attributes
                0x00000741       0x34 c:/ac6/systemworkbench/plugins/fr.ac6.mcu.externaltools.arm-none.win32_1.17.0.201812190825/tools/compiler/bin/../lib/gcc/arm-none-eabi/7.3.1/../../../../arm-none-eabi/lib/thumb/v7e-m/fpv4-sp/hard\libc_nano.a(lib_a-init.o)
 .ARM.attributes